mys_imx6ull.c:803:6:do_enable_parallel_lcd	8	static
mys_imx6ull.c:184:6:iox74lv_set	24	static
mys_imx6ull.c:242:5:power_init_board	0	static
mys_imx6ull.c:323:5:dram_init	8	static
mys_imx6ull.c:447:5:board_mmc_get_env_dev	0	static
mys_imx6ull.c:455:5:mmc_map_to_kernel_blk	0	static
mys_imx6ull.c:463:5:board_mmc_getcd	0	static
mys_imx6ull.c:508:6:board_late_mmc_env_init	80	static
mys_imx6ull.c:527:5:board_mmc_init	16	static
mys_imx6ull.c:613:5:board_usb_phy_mode	0	static
mys_imx6ull.c:621:5:board_ehci_hcd_init	0	static
mys_imx6ull.c:716:5:board_eth_init	8	static
mys_imx6ull.c:754:5:board_phy_config	24	static
mys_imx6ull.c:841:5:board_early_init_f	8	static
mys_imx6ull.c:848:5:board_init	24	static
mys_imx6ull.c:890:5:board_late_init	8	static
mys_imx6ull.c:914:5:checkboard	8	static
