mmc.c:1001:13:mmc_set_ios	0	static
mmc.c:553:12:mmc_set_capacity	16	static
mmc.c:27:12:board_mmc_getwp	0	static
mmc.c:32:5:mmc_getwp	8	static
mmc.c:48:12:board_mmc_getcd	0	static
mmc.c:53:5:mmc_send_cmd	0	static
mmc.c:458:12:mmc_send_ext_csd	56	static
mmc.c:283:12:mmc_go_idle	40	static
mmc.c:372:12:mmc_send_op_cond_iter	40	static
mmc.c:111:5:mmc_send_status	48	static
mmc.c:480:12:mmc_switch.isra.0	40	static
mmc.c:163:5:mmc_set_blocklen	40	static
mmc.c:177:13:find_mmc_device	8	static
mmc.c:605:5:mmc_switch_part	16	static
mmc.c:581:5:mmc_select_hwpart	16	static
mmc.c:237:14:mmc_bread	80	static
mmc.c:629:5:mmc_hwpart_config	640	static
mmc.c:823:5:mmc_getcd	8	static
mmc.c:1007:6:mmc_set_clock	0	static
mmc.c:1027:12:mmc_startup	1456	static
mmc.c:1528:18:mmc_register	8	static
mmc.c:1536:13:mmc_create	16	static
mmc.c:1575:6:mmc_destroy	0	static
mmc.c:1593:13:board_mmc_power_init	0	static
mmc.c:1597:5:mmc_start_init	56	static
mmc.c:1678:5:mmc_init	16	static
mmc.c:1582:19:mmc_get_dev	8	static
mmc.c:1697:5:mmc_set_dsr	0	static
mmc.c:1704:12:cpu_mmc_init	0	static
mmc.c:1710:12:board_mmc_init	0	static
mmc.c:1717:6:print_mmc_devices	32	static
mmc.c:1749:5:get_mmc_num	0	static
mmc.c:1754:6:mmc_set_preinit	0	static
mmc.c:1819:5:mmc_initialize	16	static
mmc.c:1855:5:mmc_boot_partition_size_change	56	static
mmc.c:1917:5:mmc_set_boot_bus_width	0	static
mmc.c:1938:5:mmc_set_part_conf	0	static
mmc.c:1958:5:mmc_set_rst_n_function	0	static
