Archive member included to satisfy reference by file (symbol)

/opt/myir-imx-fb/4.1.15-2.0.1/sysroots/cortexa7hf-neon-poky-linux-gnueabi/usr/lib/arm-poky-linux-gnueabi/5.3.0/libgcc.a(_udivsi3.o)
                              arch/arm/cpu/armv7/built-in.o (__aeabi_uidiv)
/opt/myir-imx-fb/4.1.15-2.0.1/sysroots/cortexa7hf-neon-poky-linux-gnueabi/usr/lib/arm-poky-linux-gnueabi/5.3.0/libgcc.a(_divsi3.o)
                              cmd/built-in.o (__aeabi_idiv)
/opt/myir-imx-fb/4.1.15-2.0.1/sysroots/cortexa7hf-neon-poky-linux-gnueabi/usr/lib/arm-poky-linux-gnueabi/5.3.0/libgcc.a(_lshrdi3.o)
                              fs/built-in.o (__aeabi_llsr)
/opt/myir-imx-fb/4.1.15-2.0.1/sysroots/cortexa7hf-neon-poky-linux-gnueabi/usr/lib/arm-poky-linux-gnueabi/5.3.0/libgcc.a(_ashldi3.o)
                              drivers/mmc/built-in.o (__aeabi_llsl)
/opt/myir-imx-fb/4.1.15-2.0.1/sysroots/cortexa7hf-neon-poky-linux-gnueabi/usr/lib/arm-poky-linux-gnueabi/5.3.0/libgcc.a(_dvmd_lnx.o)
                              /opt/myir-imx-fb/4.1.15-2.0.1/sysroots/cortexa7hf-neon-poky-linux-gnueabi/usr/lib/arm-poky-linux-gnueabi/5.3.0/libgcc.a(_udivsi3.o) (__aeabi_idiv0)

Discarded input sections

 .data          0x0000000000000000        0x0 arch/arm/cpu/armv7/start.o
 .bss           0x0000000000000000        0x0 arch/arm/cpu/armv7/start.o
 .text.v7_arch_cp15_set_l2aux_ctrl
                0x0000000000000000        0x8 arch/arm/cpu/armv7/built-in.o
 .text.v7_arch_cp15_set_acr
                0x0000000000000000        0x8 arch/arm/cpu/armv7/built-in.o
 .text.sdelay   0x0000000000000000        0xc arch/arm/cpu/armv7/built-in.o
 .text.wait_on_value
                0x0000000000000000       0x34 arch/arm/cpu/armv7/built-in.o
 .text.get_nr_cpus
                0x0000000000000000       0x10 arch/arm/cpu/armv7/built-in.o
 .text.board_mmc_get_env_dev
                0x0000000000000000        0x8 arch/arm/cpu/armv7/built-in.o
 .text.get_boot_device
                0x0000000000000000       0x9c arch/arm/cpu/armv7/built-in.o
 .text.enable_uart_clk
                0x0000000000000000       0x54 arch/arm/cpu/armv7/built-in.o
 .text.enable_usdhc_clk
                0x0000000000000000       0x4c arch/arm/cpu/armv7/built-in.o
 .text.enable_spi_clk
                0x0000000000000000       0x44 arch/arm/cpu/armv7/built-in.o
 .text.enable_lvds_bridge
                0x0000000000000000      0x15c arch/arm/cpu/armv7/built-in.o
 .text.enable_ipu_clock
                0x0000000000000000       0x90 arch/arm/cpu/armv7/built-in.o
 .data          0x0000000000000000        0x0 arch/arm/cpu/armv7/built-in.o
 .bss           0x0000000000000000        0x0 arch/arm/cpu/armv7/built-in.o
 .text          0x0000000000000000        0x0 arch/arm/imx-common/built-in.o
 .text.imx_iomux_set_gpr_register
                0x0000000000000000       0x40 arch/arm/imx-common/built-in.o
 .text.get_imx_reset_cause
                0x0000000000000000       0x10 arch/arm/imx-common/built-in.o
 .text.set_chipselect_size
                0x0000000000000000       0x84 arch/arm/imx-common/built-in.o
 .text.usec2ticks
                0x0000000000000000       0x60 arch/arm/imx-common/built-in.o
 .data          0x0000000000000000        0x0 arch/arm/imx-common/built-in.o
 .bss           0x0000000000000000        0x0 arch/arm/imx-common/built-in.o
 .text.reset_misc
                0x0000000000000000        0x4 arch/arm/lib/built-in.o
 .text.enable_caches
                0x0000000000000000        0xc arch/arm/lib/built-in.o
 .text.invalidate_dcache_range
                0x0000000000000000        0x4 arch/arm/lib/built-in.o
 .text.flush_dcache_range
                0x0000000000000000        0x4 arch/arm/lib/built-in.o
 .text.flush_dcache_all
                0x0000000000000000        0xc arch/arm/lib/built-in.o
 .text.arm_init_before_mmu
                0x0000000000000000        0x4 arch/arm/lib/built-in.o
 .text.mmu_page_table_flush
                0x0000000000000000        0x4 arch/arm/lib/built-in.o
 .data          0x0000000000000000        0x0 arch/arm/lib/built-in.o
 .__secure_start
                0x0000000000000000        0x0 arch/arm/lib/built-in.o
 .__secure_end  0x0000000000000000        0x0 arch/arm/lib/built-in.o
 .bss           0x0000000000000000        0x0 arch/arm/lib/built-in.o
 .text          0x0000000000000000        0x0 board/myir/mys_imx6ull/built-in.o
 .text.iox74lv_set
                0x0000000000000000       0xfc board/myir/mys_imx6ull/built-in.o
 .text.mmc_map_to_kernel_blk
                0x0000000000000000        0x4 board/myir/mys_imx6ull/built-in.o
 .data          0x0000000000000000        0x0 board/myir/mys_imx6ull/built-in.o
 .bss           0x0000000000000000        0x0 board/myir/mys_imx6ull/built-in.o
 .text          0x0000000000000000        0x0 cmd/built-in.o
 .text.bootz_setup
                0x0000000000000000       0x18 cmd/built-in.o
 .text.gunzip_bmp
                0x0000000000000000        0x8 cmd/built-in.o
 .text.invalidate_icache_all
[...]
Memory Configuration

Name             Origin             Length             Attributes
*default*        0x0000000000000000 0xffffffffffffffff

Linker script and memory map

Address of section .text set to 0x87800000
                0x0000000000000000                . = 0x0
                0x0000000000000000                . = ALIGN (0x4)

.text           0x0000000087800000    0x3dd30
 *(.__image_copy_start)
 .__image_copy_start
                0x0000000087800000        0x0 arch/arm/lib/built-in.o
                0x0000000087800000                __image_copy_start
 *(.vectors)
 .vectors       0x0000000087800000      0x2e8 arch/arm/lib/built-in.o
                0x0000000087800000                _start
                0x0000000087800020                _undefined_instruction
                0x0000000087800024                _software_interrupt
                0x0000000087800028                _prefetch_abort
                0x000000008780002c                _data_abort
                0x0000000087800030                _not_used
                0x0000000087800034                _irq
                0x0000000087800038                _fiq
                0x0000000087800040                IRQ_STACK_START_IN
 arch/arm/cpu/armv7/start.o(.text*)
 .text          0x00000000878002e8       0xb0 arch/arm/cpu/armv7/start.o
                0x00000000878002e8                reset
                0x00000000878002ec                save_boot_params_ret
                0x0000000087800328                c_runtime_cpu_setup
                0x0000000087800338                save_boot_params
                0x000000008780033c                cpu_init_cp15
                0x0000000087800390                cpu_init_crit
 *(.text*)
 .text          0x0000000087800398       0x24 arch/arm/cpu/armv7/built-in.o
                0x0000000087800398                lowlevel_init
 .text.v7_maint_dcache_all
                0x00000000878003bc       0xd0 arch/arm/cpu/armv7/built-in.o
 .text.invalidate_icache_all
                0x000000008780048c       0x18 arch/arm/cpu/armv7/built-in.o
                0x000000008780048c                invalidate_icache_all
 .text.v7_outer_cache_enable
                0x00000000878004a4        0x4 arch/arm/cpu/armv7/built-in.o
                0x00000000878004a4                v7_outer_cache_enable
 .text.v7_outer_cache_disable
                0x00000000878004a8        0x4 arch/arm/cpu/armv7/built-in.o
                0x00000000878004a8                v7_outer_cache_disable
 .text.v7_outer_cache_flush_all
                0x00000000878004ac        0x4 arch/arm/cpu/armv7/built-in.o
                0x00000000878004ac                v7_outer_cache_flush_all
 .text.flush_dcache_all
                0x00000000878004b0       0x14 arch/arm/cpu/armv7/built-in.o
                0x00000000878004b0                flush_dcache_all
 .text.v7_outer_cache_inval_all
                0x00000000878004c4        0x4 arch/arm/cpu/armv7/built-in.o
                0x00000000878004c4                v7_outer_cache_inval_all
 .text.invalidate_dcache_all
                0x00000000878004c8       0x14 arch/arm/cpu/armv7/built-in.o
                0x00000000878004c8                invalidate_dcache_all
 .text.arm_init_before_mmu
                0x00000000878004dc       0x28 arch/arm/cpu/armv7/built-in.o
                0x00000000878004dc                arm_init_before_mmu
 .text.v7_outer_cache_flush_range
                0x0000000087800504        0x4 arch/arm/cpu/armv7/built-in.o
                0x0000000087800504                v7_outer_cache_flush_range
 .text.flush_dcache_range
                0x0000000087800508       0x38 arch/arm/cpu/armv7/built-in.o
                0x0000000087800508                flush_dcache_range
 .text.mmu_page_table_flush
                0x0000000087800540       0x24 arch/arm/cpu/armv7/built-in.o
                0x0000000087800540                mmu_page_table_flush
 .text.v7_outer_cache_inval_range
                0x0000000087800564        0x4 arch/arm/cpu/armv7/built-in.o
                0x0000000087800564                v7_outer_cache_inval_range
 .text.invalidate_dcache_range
                0x0000000087800568       0xa8 arch/arm/cpu/armv7/built-in.o
                0x0000000087800568                invalidate_dcache_range
 .text.cpu_cache_initialization
                0x0000000087800610        0x4 arch/arm/cpu/armv7/built-in.o
                0x0000000087800610                cpu_cache_initialization
 .text.cleanup_before_linux_select
                0x0000000087800614       0x4c arch/arm/cpu/armv7/built-in.o
                0x0000000087800614                cleanup_before_linux_select
 .text.cleanup_before_linux
                0x0000000087800660        0x8 arch/arm/cpu/armv7/built-in.o
                0x0000000087800660                cleanup_before_linux
 .text.get_cpu_rev
                0x0000000087800668       0x90 arch/arm/cpu/armv7/built-in.o
                0x0000000087800668                get_cpu_rev
 .text.get_cpu_speed_grade_hz
                0x00000000878006f8      0x128 arch/arm/cpu/armv7/built-in.o
                0x00000000878006f8                get_cpu_speed_grade_hz
 .text.get_cpu_temp_grade
                0x0000000087800820       0x68 arch/arm/cpu/armv7/built-in.o
                0x0000000087800820                get_cpu_temp_grade
 .text.get_board_rev
                0x0000000087800888       0x40 arch/arm/cpu/armv7/built-in.o
                0x0000000087800888                get_board_rev
 .text.arch_cpu_init
                0x00000000878008c8      0x328 arch/arm/cpu/armv7/built-in.o
                0x00000000878008c8                arch_cpu_init
 .text.mmc_get_env_dev
                0x0000000087800bf0       0x28 arch/arm/cpu/armv7/built-in.o
                0x0000000087800bf0                mmc_get_env_dev
 .text.board_mmc_get_env_part
                0x0000000087800c18        0x8 arch/arm/cpu/armv7/built-in.o
                0x0000000087800c18                board_mmc_get_env_part
 .text.mmc_get_env_part
                0x0000000087800c20       0x28 arch/arm/cpu/armv7/built-in.o
                0x0000000087800c20                mmc_get_env_part
 .text.board_postclk_init
                0x0000000087800c48       0x58 arch/arm/cpu/armv7/built-in.o
                0x0000000087800c48                board_postclk_init
 .text.imx_get_mac_from_fuse
                0x0000000087800ca0       0xb8 arch/arm/cpu/armv7/built-in.o
                0x0000000087800ca0                imx_get_mac_from_fuse
 .text.set_wdog_reset
                0x0000000087800d58       0x18 arch/arm/cpu/armv7/built-in.o
                0x0000000087800d58                set_wdog_reset
 .text.reset_misc
                0x0000000087800d70        0x4 arch/arm/cpu/armv7/built-in.o
                0x0000000087800d70                reset_misc
 .text.s_init   0x0000000087800d74       0x98 arch/arm/cpu/armv7/built-in.o
                0x0000000087800d74                s_init
 .text.get_ipg_clk
                0x0000000087800e0c       0x28 arch/arm/cpu/armv7/built-in.o
 .text.enable_pll_video.constprop.0
                0x0000000087800e34      0x100 arch/arm/cpu/armv7/built-in.o
 .text.get_uart_clk
                0x0000000087800f34       0xc8 arch/arm/cpu/armv7/built-in.o
 .text.mxc_get_pll_pfd
                0x0000000087800ffc       0xd4 arch/arm/cpu/armv7/built-in.o
 .text.get_usdhc_clk
                0x00000000878010d0       0x8c arch/arm/cpu/armv7/built-in.o
 .text.enable_ocotp_clk
                0x000000008780115c       0x24 arch/arm/cpu/armv7/built-in.o
                0x000000008780115c                enable_ocotp_clk
 .text.enable_usboh3_clk
                0x0000000087801180       0x24 arch/arm/cpu/armv7/built-in.o
                0x0000000087801180                enable_usboh3_clk
 .text.enable_enet_clk
                0x00000000878011a4       0x64 arch/arm/cpu/armv7/built-in.o
                0x00000000878011a4                enable_enet_clk
 .text.enable_i2c_clk
                0x0000000087801208       0xb8 arch/arm/cpu/armv7/built-in.o
                0x0000000087801208                enable_i2c_clk
 .text.get_periph_clk
                0x00000000878012c0       0xdc arch/arm/cpu/armv7/built-in.o
                0x00000000878012c0                get_periph_clk
 .text.get_axi_clk
                0x000000008780139c       0x4c arch/arm/cpu/armv7/built-in.o
 .text.mxs_set_lcdclk
                0x00000000878013e8      0x2c0 arch/arm/cpu/armv7/built-in.o
                0x00000000878013e8                mxs_set_lcdclk
 .text.enable_lcdif_clock
                0x00000000878016a8      0x130 arch/arm/cpu/armv7/built-in.o
                0x00000000878016a8                enable_lcdif_clock
 .text.enable_qspi_clk
                0x00000000878017d8       0x9c arch/arm/cpu/armv7/built-in.o
                0x00000000878017d8                enable_qspi_clk
 .text.enable_fec_anatop_clock
                0x0000000087801874       0xf4 arch/arm/cpu/armv7/built-in.o
                0x0000000087801874                enable_fec_anatop_clock
 .text.imx_get_uartclk
                0x0000000087801968        0x4 arch/arm/cpu/armv7/built-in.o
                0x0000000087801968                imx_get_uartclk
 .text.enable_thermal_clk
                0x000000008780196c       0x48 arch/arm/cpu/armv7/built-in.o
                0x000000008780196c                enable_thermal_clk
 .text.mxc_get_clock
                0x00000000878019b4      0x470 arch/arm/cpu/armv7/built-in.o
                0x00000000878019b4                mxc_get_clock
 .text.imx_get_fecclk
                0x0000000087801e24        0x8 arch/arm/cpu/armv7/built-in.o
                0x0000000087801e24                imx_get_fecclk
 .text.do_mx6_showclocks
                0x0000000087801e2c      0x230 arch/arm/cpu/armv7/built-in.o
                0x0000000087801e2c                do_mx6_showclocks
 .text.imx_iomux_v3_setup_pad
                0x000000008780205c      0x16c arch/arm/imx-common/built-in.o
                0x000000008780205c                imx_iomux_v3_setup_pad
 .text.imx_iomux_v3_setup_multiple_pads
                0x00000000878021c8       0x2c arch/arm/imx-common/built-in.o
                0x00000000878021c8                imx_iomux_v3_setup_multiple_pads
 .text.imx_ddr_size
                0x00000000878021f4       0x64 arch/arm/imx-common/built-in.o
                0x00000000878021f4                imx_ddr_size
 .text.get_imx_type
                0x0000000087802258       0x20 arch/arm/imx-common/built-in.o
                0x0000000087802258                get_imx_type
 .text.print_cpuinfo
                0x0000000087802278      0x228 arch/arm/imx-common/built-in.o
                0x0000000087802278                print_cpuinfo
 .text.cpu_eth_init
                0x00000000878024a0        0x4 arch/arm/imx-common/built-in.o
                0x00000000878024a0                cpu_eth_init
 .text.cpu_mmc_init
                0x00000000878024a4        0x4 arch/arm/imx-common/built-in.o
                0x00000000878024a4                cpu_mmc_init
 .text.get_ahb_clk
                0x00000000878024a8       0x24 arch/arm/imx-common/built-in.o
                0x00000000878024a8                get_ahb_clk
 .text.arch_preboot_os
                0x00000000878024cc        0x4 arch/arm/imx-common/built-in.o
                0x00000000878024cc                arch_preboot_os
 .text.get_clocks
                0x00000000878024d0       0x1c arch/arm/imx-common/built-in.o
                0x00000000878024d0                get_clocks
 .text.force_idle_bus
                0x00000000878024ec      0x1c4 arch/arm/imx-common/built-in.o
                0x00000000878024ec                force_idle_bus
 .text.setup_i2c
                0x00000000878026b0       0xe4 arch/arm/imx-common/built-in.o
                0x00000000878026b0                setup_i2c
 .text.mxs_wait_mask_set
                0x0000000087802794       0x3c arch/arm/imx-common/built-in.o
                0x0000000087802794                mxs_wait_mask_set
 .text.mxs_wait_mask_clr
                0x00000000878027d0       0x3c arch/arm/imx-common/built-in.o
                0x00000000878027d0                mxs_wait_mask_clr
 .text.mxs_reset_block
                0x000000008780280c       0x90 arch/arm/imx-common/built-in.o
                0x000000008780280c                mxs_reset_block
 .text.enable_caches
                0x000000008780289c       0x34 arch/arm/imx-common/built-in.o
                0x000000008780289c                enable_caches
 .text.init_aips
                0x00000000878028d0       0xc0 arch/arm/imx-common/built-in.o
                0x00000000878028d0                init_aips
 .text.imx_set_wdog_powerdown
                0x0000000087802990       0xa0 arch/arm/imx-common/built-in.o
                0x0000000087802990                imx_set_wdog_powerdown
 .text.init_src
                0x0000000087802a30       0x18 arch/arm/imx-common/built-in.o
                0x0000000087802a30                init_src
 .text.boot_mode_apply
                0x0000000087802a48       0x24 arch/arm/imx-common/built-in.o
                0x0000000087802a48                boot_mode_apply
 .text.board_video_skip
                0x0000000087802a6c      0x1a0 arch/arm/imx-common/built-in.o
                0x0000000087802a6c                board_video_skip
 .text.timer_init
                0x0000000087802c0c       0x3c arch/arm/imx-common/built-in.o
                0x0000000087802c0c                timer_init
 .text.get_ticks
                0x0000000087802c48       0x18 arch/arm/imx-common/built-in.o
                0x0000000087802c48                get_ticks
 .text.get_timer_masked
                0x0000000087802c60       0x58 arch/arm/imx-common/built-in.o
                0x0000000087802c60                get_timer_masked
 .text.get_timer
                0x0000000087802cb8       0x14 arch/arm/imx-common/built-in.o
                0x0000000087802cb8                get_timer
 *fill*         0x0000000087802ccc        0x4 
 .text.__udelay
                0x0000000087802cd0       0x88 arch/arm/imx-common/built-in.o
                0x0000000087802cd0                __udelay
 .text.get_tbclk
                0x0000000087802d58        0x8 arch/arm/imx-common/built-in.o
                0x0000000087802d58                get_tbclk
 .text.create_usage
                0x0000000087802d60       0xac arch/arm/imx-common/built-in.o
 .text.do_boot_mode
                0x0000000087802e0c       0xd4 arch/arm/imx-common/built-in.o
 .text.add_board_boot_modes
                0x0000000087802ee0       0x60 arch/arm/imx-common/built-in.o
                0x0000000087802ee0                add_board_boot_modes
 .text          0x0000000087802f40       0x90 arch/arm/lib/built-in.o
                0x0000000087802f40                _main
 .text.relocate_vectors
                0x0000000087802fd0       0x70 arch/arm/lib/built-in.o
                0x0000000087802fd0                relocate_vectors
                0x0000000087802fdc                relocate_code
 .text.arch_fixup_fdt
                0x0000000087803040       0x38 arch/arm/lib/built-in.o
                0x0000000087803040                arch_fixup_fdt
 .text.boot_jump_linux
                0x0000000087803078       0xc4 arch/arm/lib/built-in.o
 .text.arch_lmb_reserve
                0x000000008780313c       0x24 arch/arm/lib/built-in.o
                0x000000008780313c                arch_lmb_reserve
 .text.setup_board_tags
                0x0000000087803160        0x4 arch/arm/lib/built-in.o
                0x0000000087803160                setup_board_tags
 .text.boot_prep_linux
                0x0000000087803164      0x1d4 arch/arm/lib/built-in.o
 .text.do_bootm_linux
                0x0000000087803338       0x64 arch/arm/lib/built-in.o
                0x0000000087803338                do_bootm_linux
 .text.bootz_setup
                0x000000008780339c       0x58 arch/arm/lib/built-in.o
                0x000000008780339c                bootz_setup
 .text.boot_prep_vxworks
                0x00000000878033f4       0x50 arch/arm/lib/built-in.o
                0x00000000878033f4                boot_prep_vxworks
 .text.boot_jump_vxworks
                0x0000000087803444        0xc arch/arm/lib/built-in.o
                0x0000000087803444                boot_jump_vxworks
 .text.arch_reserve_stacks
                0x0000000087803450       0x1c arch/arm/lib/built-in.o
                0x0000000087803450                arch_reserve_stacks
 .text.interrupt_init
                0x000000008780346c       0x1c arch/arm/lib/built-in.o
                0x000000008780346c                interrupt_init
 .text.enable_interrupts
                0x0000000087803488        0x4 arch/arm/lib/built-in.o
                0x0000000087803488                enable_interrupts
 .text.disable_interrupts
                0x000000008780348c        0x8 arch/arm/lib/built-in.o
                0x000000008780348c                disable_interrupts
 .text.bad_mode
                0x0000000087803494       0x10 arch/arm/lib/built-in.o
                0x0000000087803494                bad_mode
 .text.show_regs
                0x00000000878034a4      0x174 arch/arm/lib/built-in.o
                0x00000000878034a4                show_regs
 .text.do_undefined_instruction
                0x0000000087803618       0x20 arch/arm/lib/built-in.o
                0x0000000087803618                do_undefined_instruction
 .text.do_software_interrupt
                0x0000000087803638       0x20 arch/arm/lib/built-in.o
                0x0000000087803638                do_software_interrupt
 .text.do_prefetch_abort
                0x0000000087803658       0x20 arch/arm/lib/built-in.o
                0x0000000087803658                do_prefetch_abort
 .text.do_data_abort
                0x0000000087803678       0x20 arch/arm/lib/built-in.o
                0x0000000087803678                do_data_abort
 .text.do_not_used
                0x0000000087803698       0x20 arch/arm/lib/built-in.o
                0x0000000087803698                do_not_used
 .text.do_fiq   0x00000000878036b8       0x20 arch/arm/lib/built-in.o
                0x00000000878036b8                do_fiq
 .text.do_irq   0x00000000878036d8       0x20 arch/arm/lib/built-in.o
                0x00000000878036d8                do_irq
 .text.do_reset
                0x00000000878036f8       0x30 arch/arm/lib/built-in.o
                0x00000000878036f8                do_reset
 .text.flush_cache
                0x0000000087803728        0x8 arch/arm/lib/built-in.o
                0x0000000087803728                flush_cache
 .text.cp_delay
                0x0000000087803730       0x30 arch/arm/lib/built-in.o
 .text.arm_init_domains
                0x0000000087803760        0x4 arch/arm/lib/built-in.o
                0x0000000087803760                arm_init_domains
 .text.set_section_dcache
                0x0000000087803764       0x14 arch/arm/lib/built-in.o
                0x0000000087803764                set_section_dcache
 .text.mmu_set_region_dcache_behaviour
                0x0000000087803778       0x4c arch/arm/lib/built-in.o
                0x0000000087803778                mmu_set_region_dcache_behaviour
 .text.dram_bank_mmu_setup
                0x00000000878037c4       0x44 arch/arm/lib/built-in.o
                0x00000000878037c4                dram_bank_mmu_setup
 .text.icache_enable
                0x0000000087803808       0x18 arch/arm/lib/built-in.o
                0x0000000087803808                icache_enable
 .text.icache_disable
                0x0000000087803820       0x20 arch/arm/lib/built-in.o
                0x0000000087803820                icache_disable
 .text.icache_status
                0x0000000087803840        0xc arch/arm/lib/built-in.o
                0x0000000087803840                icache_status
 .text.dcache_enable
                0x000000008780384c       0x7c arch/arm/lib/built-in.o
                0x000000008780384c                dcache_enable
 .text.dcache_disable
                0x00000000878038c8       0x2c arch/arm/lib/built-in.o
                0x00000000878038c8                dcache_disable
 .text.dcache_status
                0x00000000878038f4        0xc arch/arm/lib/built-in.o
                0x00000000878038f4                dcache_status
 .text.do_enable_parallel_lcd
                0x0000000087803900       0x4c board/myir/mys_imx6ull/built-in.o
                0x0000000087803900                do_enable_parallel_lcd
 .text.power_init_board
                0x000000008780394c        0x8 board/myir/mys_imx6ull/built-in.o
                0x000000008780394c                power_init_board
 .text.dram_init
                0x0000000087803954       0x18 board/myir/mys_imx6ull/built-in.o
                0x0000000087803954                dram_init
 .text.board_mmc_get_env_dev
                0x000000008780396c        0x4 board/myir/mys_imx6ull/built-in.o
                0x000000008780396c                board_mmc_get_env_dev
 .text.board_mmc_getcd
                0x0000000087803970       0x34 board/myir/mys_imx6ull/built-in.o
                0x0000000087803970                board_mmc_getcd
 .text.board_late_mmc_env_init
                0x00000000878039a4       0x94 board/myir/mys_imx6ull/built-in.o
                0x00000000878039a4                board_late_mmc_env_init
 .text.board_mmc_init
                0x0000000087803a38       0x98 board/myir/mys_imx6ull/built-in.o
                0x0000000087803a38                board_mmc_init
 .text.board_usb_phy_mode
                0x0000000087803ad0       0x14 board/myir/mys_imx6ull/built-in.o
                0x0000000087803ad0                board_usb_phy_mode
 .text.board_ehci_hcd_init
                0x0000000087803ae4       0x28 board/myir/mys_imx6ull/built-in.o
                0x0000000087803ae4                board_ehci_hcd_init
 .text.board_eth_init
                0x0000000087803b0c       0x34 board/myir/mys_imx6ull/built-in.o
                0x0000000087803b0c                board_eth_init
 .text.board_phy_config
                0x0000000087803b40       0x4c board/myir/mys_imx6ull/built-in.o
                0x0000000087803b40                board_phy_config
 .text.board_early_init_f
                0x0000000087803b8c       0x1c board/myir/mys_imx6ull/built-in.o
                0x0000000087803b8c                board_early_init_f
 .text.board_init
                0x0000000087803ba8      0x198 board/myir/mys_imx6ull/built-in.o
                0x0000000087803ba8                board_init
 .text.board_late_init
                0x0000000087803d40       0x50 board/myir/mys_imx6ull/built-in.o
                0x0000000087803d40                board_late_init
 .text.checkboard
                0x0000000087803d90       0x18 board/myir/mys_imx6ull/built-in.o
                0x0000000087803d90                checkboard
 .text.do_go_exec
                0x0000000087803da8       0x10 cmd/built-in.o
                0x0000000087803da8                do_go_exec
 .text.do_go    0x0000000087803db8       0x6c cmd/built-in.o
 .text.do_bootm
                0x0000000087803e24      0x10c cmd/built-in.o
                0x0000000087803e24                do_bootm
 .text.do_bootd
                0x0000000087803f30       0x20 cmd/built-in.o
                0x0000000087803f30                do_bootd
 .text.image_info
                0x0000000087803f50       0xcc cmd/built-in.o
 .text.do_iminfo
                0x000000008780401c       0x5c cmd/built-in.o
 .text.bootm_maybe_autostart
                0x0000000087804078       0x78 cmd/built-in.o
                0x0000000087804078                bootm_maybe_autostart
 .text.do_bootz
                0x00000000878040f0       0xf8 cmd/built-in.o
                0x00000000878040f0                do_bootz
 .text.do_help  0x00000000878041e8       0x44 cmd/built-in.o
 .text.do_version
                0x000000008780422c       0x38 cmd/built-in.o
 .text.source   0x0000000087804264       0xd8 cmd/built-in.o
                0x0000000087804264                source
 .text.do_source
                0x000000008780433c       0x48 cmd/built-in.o
 .text.print_num
                0x0000000087804384       0x14 cmd/built-in.o
 .text.do_bdinfo
                0x0000000087804398      0x190 cmd/built-in.o
 .text.do_bmp   0x0000000087804528       0x58 cmd/built-in.o
 .text.do_bmp_info
                0x0000000087804580      0x10c cmd/built-in.o
 .text.bmp_display
                0x000000008780468c       0x50 cmd/built-in.o
                0x000000008780468c                bmp_display
 .text.do_bmp_display
                0x00000000878046dc       0xbc cmd/built-in.o
 .text.parse_argv
                0x0000000087804798       0x64 cmd/built-in.o
 .text.do_icache
                0x00000000878047fc       0x88 cmd/built-in.o
 .text.do_dcache
                0x0000000087804884       0x88 cmd/built-in.o
 .text.do_coninfo
                0x000000008780490c       0xb0 cmd/built-in.o
 .text.do_echo  0x00000000878049bc       0xb0 cmd/built-in.o
 .text.load_elf_image_shdr
                0x0000000087804a6c       0x8c cmd/built-in.o
 .text.valid_elf_image
                0x0000000087804af8       0x4c cmd/built-in.o
                0x0000000087804af8                valid_elf_image
 .text.do_bootelf
                0x0000000087804b44      0x1b0 cmd/built-in.o
                0x0000000087804b44                do_bootelf
 .text.do_bootvx
                0x0000000087804cf4      0x330 cmd/built-in.o
                0x0000000087804cf4                do_bootvx
 .text.do_exit  0x0000000087805024       0x3c cmd/built-in.o
 .text.do_ext4_size
                0x0000000087805060       0x18 cmd/built-in.o
                0x0000000087805060                do_ext4_size
 .text.do_ext4_load
                0x0000000087805078       0x18 cmd/built-in.o
                0x0000000087805078                do_ext4_load
 .text.do_ext4_ls
                0x0000000087805090       0x18 cmd/built-in.o
                0x0000000087805090                do_ext4_ls
 .text.do_ext4_write
                0x00000000878050a8       0x18 cmd/built-in.o
                0x00000000878050a8                do_ext4_write
 .text.do_ext2load
                0x00000000878050c0       0x18 cmd/built-in.o
                0x00000000878050c0                do_ext2load
 .text.do_ext2ls
                0x00000000878050d8       0x18 cmd/built-in.o
 .text.do_fat_size
                0x00000000878050f0       0x18 cmd/built-in.o
                0x00000000878050f0                do_fat_size
 .text.do_fat_fsload
                0x0000000087805108       0x18 cmd/built-in.o
                0x0000000087805108                do_fat_fsload
 .text.do_fat_ls
                0x0000000087805120       0x18 cmd/built-in.o
 .text.do_fat_fsinfo
                0x0000000087805138       0x90 cmd/built-in.o
 .text.fdt_valid
                0x00000000878051c8       0xbc cmd/built-in.o
 .text.is_printable_string
                0x0000000087805284       0x9c cmd/built-in.o
 .text.print_data
                0x0000000087805320      0x174 cmd/built-in.o
 .text.set_working_fdt_addr
                0x0000000087805494       0x1c cmd/built-in.o
                0x0000000087805494                set_working_fdt_addr
 .text.do_fdt   0x00000000878054b0      0xe5c cmd/built-in.o
 .text.do_flerase
                0x000000008780630c        0x8 cmd/built-in.o
 .text.do_protect
                0x0000000087806314       0x10 cmd/built-in.o
 .text.do_flinfo
                0x0000000087806324        0x8 cmd/built-in.o
 .text.do_size_wrapper
                0x000000008780632c       0x18 cmd/built-in.o
 .text.do_load_wrapper
                0x0000000087806344       0x18 cmd/built-in.o
 .text.do_save_wrapper
                0x000000008780635c       0x18 cmd/built-in.o
 .text.do_ls_wrapper
                0x0000000087806374       0x18 cmd/built-in.o
 .text.do_fstype_wrapper
                0x000000008780638c        0x4 cmd/built-in.o
 .text.strtou32
                0x0000000087806390       0x44 cmd/built-in.o
 .text.do_fuse  0x00000000878063d4      0x358 cmd/built-in.o
 .text.name_to_gpio
                0x000000008780672c        0xc cmd/built-in.o
                0x000000008780672c                name_to_gpio
 .text.do_gpio  0x0000000087806738      0x154 cmd/built-in.o
 .text.do_i2c   0x000000008780688c       0x68 cmd/built-in.o
 .text.do_i2c_bus_speed
                0x00000000878068f4       0x78 cmd/built-in.o
 .text.do_i2c_reset
                0x000000008780696c       0x2c cmd/built-in.o
 .text.do_i2c_probe
                0x0000000087806998       0x9c cmd/built-in.o
 .text.do_i2c_bus_num
                0x0000000087806a34       0xb8 cmd/built-in.o
 .text.do_i2c_show_bus
                0x0000000087806aec       0xd0 cmd/built-in.o
 .text.get_alen.constprop.5
                0x0000000087806bbc       0x3c cmd/built-in.o
 .text.do_i2c_crc
                0x0000000087806bf8      0x120 cmd/built-in.o
 .text.mod_i2c_mem.isra.3
                0x0000000087806d18      0x1f0 cmd/built-in.o
 .text.do_i2c_nm
                0x0000000087806f08        0x8 cmd/built-in.o
 .text.do_i2c_mm
                0x0000000087806f10        0x8 cmd/built-in.o
 .text.do_i2c_md
                0x0000000087806f18      0x1e4 cmd/built-in.o
 .text.do_i2c_read
                0x00000000878070fc       0xbc cmd/built-in.o
 .text.do_i2c_mw
                0x00000000878071b8       0xfc cmd/built-in.o
 .text.do_i2c_write
                0x00000000878072b4      0x14c cmd/built-in.o
 .text.do_i2c_loop
                0x0000000087807400       0xe4 cmd/built-in.o
 .text.i2c_init_board
                0x00000000878074e4        0x4 cmd/built-in.o
                0x00000000878074e4                i2c_init_board
 .text.evalexp  0x00000000878074e8       0x78 cmd/built-in.o
 .text.evalstr  0x0000000087807560       0x6c cmd/built-in.o
 .text.binary_test
                0x00000000878075cc      0x1c0 cmd/built-in.o
 .text.do_itest
                0x000000008780778c       0x88 cmd/built-in.o
 .text.bin_data_init
                0x0000000087807814       0x2c cmd/built-in.o
 .text.k_data_save
                0x0000000087807840       0x4c cmd/built-in.o
 .text.k_data_restore
                0x000000008780788c       0x4c cmd/built-in.o
 .text.getcxmodem
                0x00000000878078d8       0x20 cmd/built-in.o
 .text.load_serial_ymodem
                0x00000000878078f8       0xcc cmd/built-in.o
 .text.bin_data_char
                0x00000000878079c4       0x2c cmd/built-in.o
 .text.chk1.constprop.1
                0x00000000878079f0       0x2c cmd/built-in.o
 .text.s1_sendpacket.constprop.2
                0x0000000087807a1c       0x50 cmd/built-in.o
 .text.load_serial
                0x0000000087807a6c      0x1f0 cmd/built-in.o
 .text.do_load_serial
                0x0000000087807c5c       0xdc cmd/built-in.o
 .text.do_load_serial_bin
                0x0000000087807d38      0x7a8 cmd/built-in.o
 .text.do_mem_mw
                0x00000000878084e0       0xc0 cmd/built-in.o
 .text.do_mem_loop
                0x00000000878085a0       0xec cmd/built-in.o
 .text.do_mem_md
                0x000000008780868c       0xe4 cmd/built-in.o
 .text.do_mem_cmp
                0x0000000087808770      0x168 cmd/built-in.o
 .text.do_mem_base
                0x00000000878088d8       0x40 cmd/built-in.o
 .text.do_mem_cp
                0x0000000087808918       0xd8 cmd/built-in.o
 .text.do_mem_crc
                0x00000000878089f0       0x48 cmd/built-in.o
 .text.do_mem_mtest
                0x0000000087808a38      0x224 cmd/built-in.o
 .text.mod_mem.isra.0
                0x0000000087808c5c      0x16c cmd/built-in.o
 .text.do_mem_mm
                0x0000000087808dc8        0x8 cmd/built-in.o
 .text.do_mem_nm
                0x0000000087808dd0        0x8 cmd/built-in.o
 .text.extract_range
                0x0000000087808dd8       0xe4 cmd/built-in.o
 .text.do_mii   0x0000000087808ebc      0x8f0 cmd/built-in.o
 .text.do_mdio  0x00000000878097ac      0x4ec cmd/built-in.o
 .text.do_sleep
                0x0000000087809c98       0x70 cmd/built-in.o
 .text.do_mmcops
                0x0000000087809d08       0xb8 cmd/built-in.o
 .text.init_mmc_device
                0x0000000087809dc0       0x54 cmd/built-in.o
 .text.do_mmc_rescan
                0x0000000087809e14       0x24 cmd/built-in.o
 .text.do_mmc_rst_func
                0x0000000087809e38       0xa0 cmd/built-in.o
 .text.do_mmc_partconf
                0x0000000087809ed8       0xb4 cmd/built-in.o
 .text.do_mmc_boot_resize
                0x0000000087809f8c       0xcc cmd/built-in.o
 .text.do_mmc_bootbus
                0x000000008780a058       0xb4 cmd/built-in.o
 .text.do_mmc_hwpartition
                0x000000008780a10c      0x510 cmd/built-in.o
 .text.do_mmc_list
                0x000000008780a61c       0x14 cmd/built-in.o
 .text.do_mmc_dev
                0x000000008780a630      0x134 cmd/built-in.o
 .text.do_mmc_part
                0x000000008780a764       0x5c cmd/built-in.o
 .text.do_mmc_erase
                0x000000008780a7c0       0xe8 cmd/built-in.o
 .text.do_mmc_write
                0x000000008780a8a8      0x100 cmd/built-in.o
 .text.do_mmc_read
                0x000000008780a9a8       0xec cmd/built-in.o
 .text.do_mmcinfo
                0x000000008780aa94      0x370 cmd/built-in.o
 .text.do_mmc_setdsr
                0x000000008780ae04       0xb0 cmd/built-in.o
 .text.netboot_common
                0x000000008780aeb4      0x294 cmd/built-in.o
 .text.do_bootp
                0x000000008780b148        0xc cmd/built-in.o
 .text.do_dhcp  0x000000008780b154        0xc cmd/built-in.o
 .text.do_nfs   0x000000008780b160        0xc cmd/built-in.o
 .text.do_tftpb
                0x000000008780b16c       0x40 cmd/built-in.o
                0x000000008780b16c                do_tftpb
 .text.do_ping  0x000000008780b1ac       0x78 cmd/built-in.o
 .text.bytes_per_second
                0x000000008780b224       0x50 cmd/built-in.o
 .text.do_spi_flash
                0x000000008780b274      0x868 cmd/built-in.o
 .text.substitute
                0x000000008780badc       0xf0 cmd/built-in.o
 .text.get_arg  0x000000008780bbcc       0x58 cmd/built-in.o
 .text.regex_sub
                0x000000008780bc24      0x450 cmd/built-in.o
 .text.do_setexpr
                0x000000008780c074      0x1a0 cmd/built-in.o
 .text.do_false
                0x000000008780c214        0x8 cmd/built-in.o
 .text.do_true  0x000000008780c21c        0x8 cmd/built-in.o
 .text.do_test  0x000000008780c224      0x338 cmd/built-in.o
 .text.usb_get_class_desc
                0x000000008780c55c       0xbc cmd/built-in.o
 .text.usb_find_device
                0x000000008780c618       0x3c cmd/built-in.o
 .text.usb_show_tree_graph
                0x000000008780c654      0x228 cmd/built-in.o
 .text.usb_display_class_sub
                0x000000008780c87c      0x170 cmd/built-in.o
 .text.usb_display_string
                0x000000008780c9ec       0x44 cmd/built-in.o
 .text.usb_display_config
                0x000000008780ca30      0x20c cmd/built-in.o
 .text.do_usbboot
                0x000000008780cc3c        0xc cmd/built-in.o
 .text.usb_display_desc.part.1
                0x000000008780cc48      0x12c cmd/built-in.o
 .text.do_usb_start
                0x000000008780cd74       0x38 cmd/built-in.o
 .text.usb_show_tree
                0x000000008780cdac       0x54 cmd/built-in.o
                0x000000008780cdac                usb_show_tree
 .text.do_usb   0x000000008780ce00      0x750 cmd/built-in.o
 .text.do_imgextract
                0x000000008780d550      0x290 cmd/built-in.o
 .text.do_env_delete
                0x000000008780d7e0       0x9c cmd/built-in.o
 .text.do_env_exists
                0x000000008780d87c       0x64 cmd/built-in.o
 .text.do_env_save
                0x000000008780d8e0       0x2c cmd/built-in.o
 .text.do_env   0x000000008780d90c       0x68 cmd/built-in.o
 .text.env_print
                0x000000008780d974       0xc0 cmd/built-in.o
 .text.do_env_print
                0x000000008780da34       0xc4 cmd/built-in.o
 .text.do_env_import
                0x000000008780daf8      0x284 cmd/built-in.o
 .text.do_env_default
                0x000000008780dd7c       0xa8 cmd/built-in.o
 .text._do_env_set.isra.0
                0x000000008780de24      0x1bc cmd/built-in.o
 .text.do_env_set
                0x000000008780dfe0       0x20 cmd/built-in.o
 .text.get_env_id
                0x000000008780e000       0x10 cmd/built-in.o
                0x000000008780e000                get_env_id
 .text.setenv   0x000000008780e010       0x60 cmd/built-in.o
                0x000000008780e010                setenv
 .text.setenv_ulong
                0x000000008780e070       0x20 cmd/built-in.o
                0x000000008780e070                setenv_ulong
 .text.setenv_hex
                0x000000008780e090       0x34 cmd/built-in.o
                0x000000008780e090                setenv_hex
 .text.do_env_export
                0x000000008780e0c4      0x258 cmd/built-in.o
 .text.envmatch
                0x000000008780e31c       0x6c cmd/built-in.o
                0x000000008780e31c                envmatch
 .text.getenv_f
                0x000000008780e388       0xc0 cmd/built-in.o
                0x000000008780e388                getenv_f
 .text.getenv   0x000000008780e448       0x78 cmd/built-in.o
                0x000000008780e448                getenv
 .text.getenv_hex
                0x000000008780e4c0       0x3c cmd/built-in.o
                0x000000008780e4c0                getenv_hex
 .text.getenv_ulong
                0x000000008780e4fc       0x30 cmd/built-in.o
                0x000000008780e4fc                getenv_ulong
 .text.do_env_edit.part.2
                0x000000008780e52c       0xa4 cmd/built-in.o
 .text.do_env_edit
                0x000000008780e5d0       0x2c cmd/built-in.o
 .text.common_diskboot
                0x000000008780e5fc      0x238 cmd/built-in.o
                0x000000008780e5fc                common_diskboot
 .text.board_init_f_alloc_reserve
                0x000000008780e834       0x10 common/built-in.o
                0x000000008780e834                board_init_f_alloc_reserve
 .text.board_init_f_init_reserve
                0x000000008780e844       0x20 common/built-in.o
                0x000000008780e844                board_init_f_init_reserve
 .text.show_boot_progress
                0x000000008780e864        0x4 common/built-in.o
                0x000000008780e864                show_boot_progress
 .text.main_loop
                0x000000008780e868       0x20 common/built-in.o
                0x000000008780e868                main_loop
 .text.dummy    0x000000008780e888        0x4 common/built-in.o
 .text.get_version
                0x000000008780e88c        0x8 common/built-in.o
                0x000000008780e88c                get_version
 .text.jumptable_init
                0x000000008780e894      0x1e0 common/built-in.o
                0x000000008780e894                jumptable_init
 .text.hash_command
                0x000000008780ea74       0xb4 common/built-in.o
                0x000000008780ea74                hash_command
 .text.b_reset  0x000000008780eb28       0x1c common/built-in.o
 .text.static_get
                0x000000008780eb44       0x1c common/built-in.o
 .text.file_peek
                0x000000008780eb60        0xc common/built-in.o
 .text.mapset   0x000000008780eb6c       0x20 common/built-in.o
 .text.syntax_err
                0x000000008780eb8c        0xc common/built-in.o
 .text.free_pipe_list
                0x000000008780eb98       0xf4 common/built-in.o
 .text.xmalloc  0x000000008780ec8c       0x20 common/built-in.o
 .text.new_pipe
                0x000000008780ecac       0x28 common/built-in.o
 .text.xrealloc
                0x000000008780ecd4       0x20 common/built-in.o
 .text.done_command
                0x000000008780ecf4       0x88 common/built-in.o
 .text.done_pipe
                0x000000008780ed7c       0x48 common/built-in.o
 .text.done_word
                0x000000008780edc4      0x2e4 common/built-in.o
 .text.do_showvar
                0x000000008780f0a8       0xf4 common/built-in.o
 .text.is_assignment
                0x000000008780f19c       0x5c common/built-in.o
 .text.file_get
                0x000000008780f1f8      0x1f0 common/built-in.o
 .text.b_addchr
                0x000000008780f3e8       0x80 common/built-in.o
 .text.b_addqchr
                0x000000008780f468       0x50 common/built-in.o
 .text.static_peek
                0x000000008780f4b8        0xc common/built-in.o
 .text.get_local_var
                0x000000008780f4c4       0xa0 common/built-in.o
                0x000000008780f4c4                get_local_var
 .text.set_local_var
                0x000000008780f564      0x1bc common/built-in.o
                0x000000008780f564                set_local_var
 .text.insert_var_value_sub
                0x000000008780f720      0x2c0 common/built-in.o
 .text.parse_string_outer
                0x000000008780f9e0       0xe4 common/built-in.o
                0x000000008780f9e0                parse_string_outer
 .text.run_list_real
                0x000000008780fac4      0x7b8 common/built-in.o
 .text.parse_stream_outer
                0x000000008781027c      0x6d0 common/built-in.o
 .text.parse_file_outer
                0x000000008781094c       0x44 common/built-in.o
                0x000000008781094c                parse_file_outer
 .text.u_boot_hush_start
                0x0000000087810990       0x54 common/built-in.o
                0x0000000087810990                u_boot_hush_start
 .text.bootdelay_process
                0x00000000878109e4       0xd0 common/built-in.o
                0x00000000878109e4                bootdelay_process
 .text.autoboot_command
                0x0000000087810ab4       0xd0 common/built-in.o
                0x0000000087810ab4                autoboot_command
 .text.setup_mon_len
                0x0000000087810b84       0x20 common/built-in.o
 .text.reserve_round_4k
                0x0000000087810ba4       0x18 common/built-in.o
 .text.reserve_mmu
                0x0000000087810bbc       0x38 common/built-in.o
 .text.reserve_uboot
                0x0000000087810bf4       0x30 common/built-in.o
 .text.reserve_malloc
                0x0000000087810c24       0x18 common/built-in.o
 .text.reserve_global_data
                0x0000000087810c3c       0x1c common/built-in.o
 .text.reserve_fdt
                0x0000000087810c58       0x4c common/built-in.o
 .text.initf_console_record
                0x0000000087810ca4        0x8 common/built-in.o
 .text.arch_cpu_init_dm
                0x0000000087810cac        0x8 common/built-in.o
                0x0000000087810cac                arch_cpu_init_dm
 .text.announce_dram_init
                0x0000000087810cb4       0x18 common/built-in.o
 .text.init_func_i2c
                0x0000000087810ccc       0x28 common/built-in.o
 .text.init_baud_rate
                0x0000000087810cf4       0x2c common/built-in.o
 .text.mark_bootstage
                0x0000000087810d20       0x14 common/built-in.o
 .text.initf_dm
                0x0000000087810d34        0x8 common/built-in.o
 .text.setup_reloc
                0x0000000087810d3c       0x40 common/built-in.o
 .text.reloc_fdt
                0x0000000087810d7c       0x44 common/built-in.o
 .text.reserve_board
                0x0000000087810dc0       0x40 common/built-in.o
 .text.reserve_arch
                0x0000000087810e00        0x8 common/built-in.o
                0x0000000087810e00                reserve_arch
 .text.display_text_info
                0x0000000087810e08        0x8 common/built-in.o
 .text.reserve_trace
                0x0000000087810e10        0x8 common/built-in.o
 .text.setup_machine
                0x0000000087810e18        0x8 common/built-in.o
 .text.display_new_sp
                0x0000000087810e20        0x8 common/built-in.o
 .text.coloured_LED_init
                0x0000000087810e28        0x4 common/built-in.o
                0x0000000087810e28                coloured_LED_init
 .text.red_led_on
                0x0000000087810e2c        0x4 common/built-in.o
                0x0000000087810e2c                red_led_on
 .text.board_add_ram_info
                0x0000000087810e30        0x4 common/built-in.o
                0x0000000087810e30                board_add_ram_info
 .text.show_dram_config
                0x0000000087810e34       0x38 common/built-in.o
 .text.dram_init_banksize
                0x0000000087810e6c       0x20 common/built-in.o
                0x0000000087810e6c                dram_init_banksize
 .text.setup_dram_config
                0x0000000087810e8c       0x10 common/built-in.o
 .text.board_get_usable_ram_top
                0x0000000087810e9c       0x14 common/built-in.o
                0x0000000087810e9c                board_get_usable_ram_top
 .text.board_reserve_ram_top
                0x0000000087810eb0        0x4 common/built-in.o
                0x0000000087810eb0                board_reserve_ram_top
 .text.setup_dest_addr
                0x0000000087810eb4       0x4c common/built-in.o
 .text.reserve_stacks
                0x0000000087810f00       0x1c common/built-in.o
 .text.board_init_f
                0x0000000087810f1c       0x28 common/built-in.o
                0x0000000087810f1c                board_init_f
 .text.bootstage_relocate
                0x0000000087810f44        0x8 common/built-in.o
 .text.initr_reloc
                0x0000000087810f4c       0x18 common/built-in.o
 .text.initr_reloc_global_data
                0x0000000087810f64       0x28 common/built-in.o
 .text.initr_announce
                0x0000000087810f8c        0x8 common/built-in.o
 .text.run_main_loop
                0x0000000087810f94        0xc common/built-in.o
 .text.initr_net
                0x0000000087810fa0       0x1c common/built-in.o
 .text.initr_ethaddr
                0x0000000087810fbc       0x20 common/built-in.o
 .text.initr_enable_interrupts
                0x0000000087810fdc       0x10 common/built-in.o
 .text.initr_jumptable
                0x0000000087810fec       0x10 common/built-in.o
 .text.initr_env
                0x0000000087810ffc       0x30 common/built-in.o
 .text.initr_mmc
                0x000000008781102c       0x20 common/built-in.o
 .text.initr_serial
                0x000000008781104c       0x10 common/built-in.o
 .text.initr_bootstage
                0x000000008781105c       0x14 common/built-in.o
 .text.initr_dm
                0x0000000087811070       0x14 common/built-in.o
 .text.initr_malloc
                0x0000000087811084       0x24 common/built-in.o
 .text.initr_caches
                0x00000000878110a8       0x10 common/built-in.o
 .text.initr_console_record
                0x00000000878110b8        0x8 common/built-in.o
 .text.initr_trace
                0x00000000878110c0        0x8 common/built-in.o
 .text.initr_barrier
                0x00000000878110c8        0x8 common/built-in.o
 .text.cpu_secondary_init_r
                0x00000000878110d0        0x4 common/built-in.o
                0x00000000878110d0                cpu_secondary_init_r
 .text.initr_secondary_cpu
                0x00000000878110d4       0x10 common/built-in.o
 .text.board_init_r
                0x00000000878110e4       0x14 common/built-in.o
                0x00000000878110e4                board_init_r
 .text.show_board_info
                0x00000000878110f8        0x4 common/built-in.o
                0x00000000878110f8                show_board_info
 .text.bootm_find_images
                0x00000000878110fc       0xa8 common/built-in.o
                0x00000000878110fc                bootm_find_images
 .text.bootm_decomp_image
                0x00000000878111a4      0x14c common/built-in.o
                0x00000000878111a4                bootm_decomp_image
 .text.bootm_disable_interrupts
                0x00000000878112f0       0x18 common/built-in.o
                0x00000000878112f0                bootm_disable_interrupts
 .text.do_bootm_states
                0x0000000087811308      0x750 common/built-in.o
                0x0000000087811308                do_bootm_states
 .text.copy_args
                0x0000000087811a58       0x50 common/built-in.o
 .text.do_bootm_rtems
                0x0000000087811aa8       0x40 common/built-in.o
 .text.do_bootm_plan9
                0x0000000087811ae8       0xa4 common/built-in.o
 .text.do_bootm_standalone
                0x0000000087811b8c       0x64 common/built-in.o
 .text.do_bootm_qnxelf
                0x0000000087811bf0       0x5c common/built-in.o
 .text.do_bootm_netbsd
                0x0000000087811c4c       0xf8 common/built-in.o
 .text.do_bootvx_fdt
                0x0000000087811d44      0x118 common/built-in.o
                0x0000000087811d44                do_bootvx_fdt
 .text.do_bootm_vxworks
                0x0000000087811e5c       0x24 common/built-in.o
 .text.boot_selected_os
                0x0000000087811e80       0x58 common/built-in.o
                0x0000000087811e80                boot_selected_os
 .text.bootm_os_get_boot_func
                0x0000000087811ed8       0x10 common/built-in.o
                0x0000000087811ed8                bootm_os_get_boot_func
 .text.regex_callback
                0x0000000087811ee8      0x134 common/built-in.o
 .text.env_attr_walk
                0x000000008781201c      0x128 common/built-in.o
                0x000000008781201c                env_attr_walk
 .text.env_attr_lookup
                0x0000000087812144       0x84 common/built-in.o
                0x0000000087812144                env_attr_lookup
 .text.clear_callback
                0x00000000878121c8       0x10 common/built-in.o
 .text.find_env_callback
                0x00000000878121d8       0x64 common/built-in.o
 .text.on_callbacks
                0x000000008781223c       0x50 common/built-in.o
 .text.set_callback
                0x000000008781228c       0x98 common/built-in.o
 .text.env_callback_init
                0x0000000087812324       0xc4 common/built-in.o
                0x0000000087812324                env_callback_init
 .text.skip_num
                0x00000000878123e8       0x78 common/built-in.o
 .text.clear_flags
                0x0000000087812460       0x10 common/built-in.o
 .text.on_flags
                0x0000000087812470       0x50 common/built-in.o
 .text.env_flags_parse_vartype
                0x00000000878124c0       0x50 common/built-in.o
                0x00000000878124c0                env_flags_parse_vartype
 .text.env_flags_parse_varaccess
                0x0000000087812510       0x58 common/built-in.o
                0x0000000087812510                env_flags_parse_varaccess
 .text.set_flags
                0x0000000087812568       0xb0 common/built-in.o
 .text.eth_validate_ethaddr_str
                0x0000000087812618       0x94 common/built-in.o
                0x0000000087812618                eth_validate_ethaddr_str
 .text.env_flags_init
                0x00000000878126ac       0xd8 common/built-in.o
                0x00000000878126ac                env_flags_init
 .text.env_flags_validate
                0x0000000087812784      0x2b8 common/built-in.o
                0x0000000087812784                env_flags_validate
 .text.mmc_get_env_addr
                0x0000000087812a3c       0x10 common/built-in.o
                0x0000000087812a3c                mmc_get_env_addr
 .text.fini_mmc_for_env.isra.0
                0x0000000087812a4c       0x1c common/built-in.o
 .text.env_init
                0x0000000087812a68       0x1c common/built-in.o
                0x0000000087812a68                env_init
 .text.init_mmc_for_env
                0x0000000087812a84       0x78 common/built-in.o
 .text.saveenv  0x0000000087812afc      0x114 common/built-in.o
                0x0000000087812afc                saveenv
 .text.env_relocate_spec
                0x0000000087812c10       0xe0 common/built-in.o
                0x0000000087812c10                env_relocate_spec
 .text.fdt_find_and_setprop
                0x0000000087812cf0       0x70 common/built-in.o
                0x0000000087812cf0                fdt_find_and_setprop
 .text.fdt_find_or_add_subnode
                0x0000000087812d60       0x60 common/built-in.o
                0x0000000087812d60                fdt_find_or_add_subnode
 .text.fdt_root
                0x0000000087812dc0       0x90 common/built-in.o
                0x0000000087812dc0                fdt_root
 .text.fdt_initrd
                0x0000000087812e50      0x1cc common/built-in.o
                0x0000000087812e50                fdt_initrd
 .text.fdt_chosen
                0x000000008781301c       0xa8 common/built-in.o
                0x000000008781301c                fdt_chosen
 .text.do_fixup_by_path
                0x00000000878130c4       0x54 common/built-in.o
                0x00000000878130c4                do_fixup_by_path
 .text.fdt_fixup_memory_banks
                0x0000000087813118      0x1b0 common/built-in.o
                0x0000000087813118                fdt_fixup_memory_banks
 .text.fdt_fixup_memory
                0x00000000878132c8       0x20 common/built-in.o
                0x00000000878132c8                fdt_fixup_memory
 .text.fdt_fixup_ethernet
                0x00000000878132e8      0x174 common/built-in.o
                0x00000000878132e8                fdt_fixup_ethernet
 .text.fdt_shrink_to_minimum
                0x000000008781345c       0xcc common/built-in.o
                0x000000008781345c                fdt_shrink_to_minimum
 .text.miiphy_get_dev_by_name
                0x0000000087813528       0x60 common/built-in.o
                0x0000000087813528                miiphy_get_dev_by_name
 .text.miiphy_init
                0x0000000087813588       0x24 common/built-in.o
                0x0000000087813588                miiphy_init
 .text.mdio_alloc
                0x00000000878135ac       0x30 common/built-in.o
                0x00000000878135ac                mdio_alloc
 .text.mdio_register
                0x00000000878135dc       0x94 common/built-in.o
                0x00000000878135dc                mdio_register
 .text.mdio_unregister
                0x0000000087813670       0x3c common/built-in.o
                0x0000000087813670                mdio_unregister
 .text.mdio_list_devices
                0x00000000878136ac       0x98 common/built-in.o
                0x00000000878136ac                mdio_list_devices
 .text.miiphy_set_current_dev
                0x0000000087813744       0x40 common/built-in.o
                0x0000000087813744                miiphy_set_current_dev
 .text.miiphy_get_active_dev
                0x0000000087813784       0x54 common/built-in.o
 .text.mdio_get_current_dev
                0x00000000878137d8       0x10 common/built-in.o
                0x00000000878137d8                mdio_get_current_dev
 .text.mdio_phydev_for_ethname
                0x00000000878137e8       0x88 common/built-in.o
                0x00000000878137e8                mdio_phydev_for_ethname
 .text.miiphy_get_current_dev
                0x0000000087813870       0x18 common/built-in.o
                0x0000000087813870                miiphy_get_current_dev
 .text.miiphy_read
                0x0000000087813888       0x4c common/built-in.o
                0x0000000087813888                miiphy_read
 .text.miiphy_write
                0x00000000878138d4       0x40 common/built-in.o
                0x00000000878138d4                miiphy_write
 .text.miiphy_listdev
                0x0000000087813914       0x74 common/built-in.o
                0x0000000087813914                miiphy_listdev
 .text.miiphy_info
                0x0000000087813988       0x88 common/built-in.o
                0x0000000087813988                miiphy_info
 .text.miiphy_speed
                0x0000000087813a10       0x94 common/built-in.o
                0x0000000087813a10                miiphy_speed
 .text.miiphy_duplex
                0x0000000087813aa4       0x94 common/built-in.o
                0x0000000087813aa4                miiphy_duplex
 .text.miiphy_is_1000base_x
                0x0000000087813b38        0x8 common/built-in.o
                0x0000000087813b38                miiphy_is_1000base_x
 .text.usb_set_maxpacket_ep
                0x0000000087813b40       0x70 common/built-in.o
 .text.usb_stop
                0x0000000087813bb0       0x80 common/built-in.o
                0x0000000087813bb0                usb_stop
 .text.usb_disable_asynch
                0x0000000087813c30       0x20 common/built-in.o
                0x0000000087813c30                usb_disable_asynch
 .text.usb_control_msg
                0x0000000087813c50       0xc0 common/built-in.o
                0x0000000087813c50                usb_control_msg
 .text.usb_get_descriptor
                0x0000000087813d10       0x58 common/built-in.o
 .text.get_descriptor_len
                0x0000000087813d68       0x90 common/built-in.o
 .text.usb_get_string
                0x0000000087813df8       0x70 common/built-in.o
 .text.usb_string_sub
                0x0000000087813e68      0x108 common/built-in.o
 .text.usb_bulk_msg
                0x0000000087813f70       0x70 common/built-in.o
                0x0000000087813f70                usb_bulk_msg
 .text.usb_maxpacket
                0x0000000087813fe0       0x1c common/built-in.o
                0x0000000087813fe0                usb_maxpacket
 .text.usb_clear_halt
                0x0000000087813ffc       0x90 common/built-in.o
                0x0000000087813ffc                usb_clear_halt
 .text.usb_get_configuration_len
                0x000000008781408c       0x74 common/built-in.o
                0x000000008781408c                usb_get_configuration_len
 .text.usb_get_configuration_no
                0x0000000087814100       0x34 common/built-in.o
                0x0000000087814100                usb_get_configuration_no
 .text.usb_set_interface
                0x0000000087814134       0xb4 common/built-in.o
                0x0000000087814134                usb_set_interface
 .text.usb_string
                0x00000000878141e8      0x100 common/built-in.o
                0x00000000878141e8                usb_string
 .text.usb_get_dev_index
                0x00000000878142e8       0x24 common/built-in.o
                0x00000000878142e8                usb_get_dev_index
 .text.usb_alloc_new_device
                0x000000008781430c       0x9c common/built-in.o
                0x000000008781430c                usb_alloc_new_device
 .text.usb_free_device
                0x00000000878143a8       0x48 common/built-in.o
                0x00000000878143a8                usb_free_device
 .text.usb_alloc_device
                0x00000000878143f0        0x8 common/built-in.o
                0x00000000878143f0                usb_alloc_device
 .text.usb_select_config
                0x00000000878143f8      0x458 common/built-in.o
                0x00000000878143f8                usb_select_config
 .text.usb_setup_device
                0x0000000087814850      0x19c common/built-in.o
                0x0000000087814850                usb_setup_device
 .text.usb_new_device
                0x00000000878149ec       0x34 common/built-in.o
                0x00000000878149ec                usb_new_device
 .text.usb_init
                0x0000000087814a20      0x168 common/built-in.o
                0x0000000087814a20                usb_init
 .text.usb_device_has_child_on_port
                0x0000000087814b88       0x14 common/built-in.o
                0x0000000087814b88                usb_device_has_child_on_port
 .text.usb_find_usb2_hub_address_port
                0x0000000087814b9c       0x5c common/built-in.o
                0x0000000087814b9c                usb_find_usb2_hub_address_port
 .text.usb_set_port_feature
                0x0000000087814bf8       0x4c common/built-in.o
 .text.usb_clear_port_feature
                0x0000000087814c44       0x4c common/built-in.o
 .text.usb_get_hub_descriptor
                0x0000000087814c90       0x4c common/built-in.o
 .text.usb_hub_power_on
                0x0000000087814cdc       0x6c common/built-in.o
 .text.usb_hub_reset_devices
                0x0000000087814d48        0x4 common/built-in.o
                0x0000000087814d48                usb_hub_reset_devices
 .text.usb_get_port_status
                0x0000000087814d4c       0x4c common/built-in.o
                0x0000000087814d4c                usb_get_port_status
 .text.usb_hub_reset
                0x0000000087814d98       0x14 common/built-in.o
                0x0000000087814d98                usb_hub_reset
 .text.legacy_hub_port_reset
                0x0000000087814dac       0xa0 common/built-in.o
                0x0000000087814dac                legacy_hub_port_reset
 .text.usb_hub_port_connect_change
                0x0000000087814e4c      0x16c common/built-in.o
                0x0000000087814e4c                usb_hub_port_connect_change
 .text.usb_hub_configure
                0x0000000087814fb8      0x2c8 common/built-in.o
 .text.usb_hub_probe
                0x0000000087815280       0x54 common/built-in.o
                0x0000000087815280                usb_hub_probe
 .text.usb_stor_irq
                0x00000000878152d4       0x1c common/built-in.o
 .text.usb_stor_BBB_reset
                0x00000000878152f0       0xd0 common/built-in.o
 .text.usb_stor_CB_reset
                0x00000000878153c0       0xd0 common/built-in.o
 .text.usb_stor_BBB_clear_endpt_stall.isra.0
                0x0000000087815490       0x40 common/built-in.o
 .text.usb_stor_BBB_transport
                0x00000000878154d0      0x25c common/built-in.o
 .text.usb_stor_CB_comdat
                0x000000008781572c      0x204 common/built-in.o
 .text.usb_stor_CBI_get_status.isra.2
                0x0000000087815930       0xc8 common/built-in.o
 .text.usb_stor_CB_transport
                0x00000000878159f8      0x228 common/built-in.o
 .text.usb_request_sense.constprop.8
                0x0000000087815c20       0x70 common/built-in.o
 .text.usb_stor_read
                0x0000000087815c90      0x188 common/built-in.o
 .text.usb_stor_write
                0x0000000087815e18      0x188 common/built-in.o
 .text.usb_stor_get_dev
                0x0000000087815fa0       0x28 common/built-in.o
                0x0000000087815fa0                usb_stor_get_dev
 .text.usb_stor_info
                0x0000000087815fc8       0x74 common/built-in.o
                0x0000000087815fc8                usb_stor_info
 .text.usb_storage_probe
                0x000000008781603c      0x204 common/built-in.o
                0x000000008781603c                usb_storage_probe
 .text.usb_stor_get_info
                0x0000000087816240      0x31c common/built-in.o
                0x0000000087816240                usb_stor_get_info
 .text.usb_stor_scan
                0x000000008781655c      0x1f8 common/built-in.o
                0x000000008781655c                usb_stor_scan
 .text.splash_screen_prepare
                0x0000000087816754        0x8 common/built-in.o
                0x0000000087816754                splash_screen_prepare
 .text.splash_get_pos
                0x000000008781675c       0x88 common/built-in.o
                0x000000008781675c                splash_get_pos
 .text.env_get_char_spec
                0x00000000878167e4        0xc common/built-in.o
                0x00000000878167e4                env_get_char_spec
 .text.env_get_addr
                0x00000000878167f0       0x20 common/built-in.o
                0x00000000878167f0                env_get_addr
 .text.env_get_char_memory
                0x0000000087816810       0x10 common/built-in.o
                0x0000000087816810                env_get_char_memory
 .text.env_get_char
                0x0000000087816820       0x30 common/built-in.o
                0x0000000087816820                env_get_char
 .text.getenv_yesno
                0x0000000087816850       0x40 common/built-in.o
                0x0000000087816850                getenv_yesno
 .text.getenv_default
                0x0000000087816890       0x30 common/built-in.o
                0x0000000087816890                getenv_default
 .text.set_default_env
                0x00000000878168c0       0xc0 common/built-in.o
                0x00000000878168c0                set_default_env
 .text.set_default_vars
                0x0000000087816980       0x38 common/built-in.o
                0x0000000087816980                set_default_vars
 .text.env_import
                0x00000000878169b8       0xdc common/built-in.o
                0x00000000878169b8                env_import
 .text.env_export
                0x0000000087816a94       0xa0 common/built-in.o
                0x0000000087816a94                env_export
 .text.env_relocate
                0x0000000087816b34       0x2c common/built-in.o
                0x0000000087816b34                env_relocate
 .text.env_complete
                0x0000000087816b60       0xf0 common/built-in.o
                0x0000000087816b60                env_complete
 .text.console_setfile
                0x0000000087816c50       0xc0 common/built-in.o
 .text.serial_printf
                0x0000000087816d10       0x44 common/built-in.o
                0x0000000087816d10                serial_printf
 .text.putc     0x0000000087816d54       0x34 common/built-in.o
                0x0000000087816d54                putc
 .text.puts     0x0000000087816d88       0x34 common/built-in.o
                0x0000000087816d88                puts
 .text.fgetc    0x0000000087816dbc       0x24 common/built-in.o
                0x0000000087816dbc                fgetc
 .text.getc     0x0000000087816de0       0x24 common/built-in.o
                0x0000000087816de0                getc
 .text.ftstc    0x0000000087816e04       0x24 common/built-in.o
                0x0000000087816e04                ftstc
 .text.tstc     0x0000000087816e28       0x24 common/built-in.o
                0x0000000087816e28                tstc
 .text.ctrlc    0x0000000087816e4c       0x58 common/built-in.o
                0x0000000087816e4c                ctrlc
 .text.confirm_yesno
                0x0000000087816ea4       0xd4 common/built-in.o
                0x0000000087816ea4                confirm_yesno
 .text.had_ctrlc
                0x0000000087816f78       0x10 common/built-in.o
                0x0000000087816f78                had_ctrlc
 .text.clear_ctrlc
                0x0000000087816f88       0x14 common/built-in.o
                0x0000000087816f88                clear_ctrlc
 .text.search_device
                0x0000000087816f9c       0x28 common/built-in.o
                0x0000000087816f9c                search_device
 .text.console_assign
                0x0000000087816fc4       0x48 common/built-in.o
                0x0000000087816fc4                console_assign
 .text.on_console
                0x000000008781700c       0xb8 common/built-in.o
 .text.console_init_f
                0x00000000878170c4       0x10 common/built-in.o
                0x00000000878170c4                console_init_f
 .text.stdio_print_current_devices
                0x00000000878170d4       0xb0 common/built-in.o
                0x00000000878170d4                stdio_print_current_devices
 .text.console_init_r
                0x0000000087817184      0x180 common/built-in.o
                0x0000000087817184                console_init_r
 .text.sbrk     0x0000000087817304       0x6c common/built-in.o
                0x0000000087817304                sbrk
 .text.mem_malloc_init
                0x0000000087817370       0x34 common/built-in.o
                0x0000000087817370                mem_malloc_init
 .text.malloc_trim
                0x00000000878173a4       0xcc common/built-in.o
                0x00000000878173a4                malloc_trim
 .text.free     0x0000000087817470      0x24c common/built-in.o
                0x0000000087817470                free
 .text.malloc   0x00000000878176bc      0x628 common/built-in.o
                0x00000000878176bc                malloc
 .text.calloc   0x0000000087817ce4      0x144 common/built-in.o
                0x0000000087817ce4                calloc
 .text.realloc  0x0000000087817e28      0x4e0 common/built-in.o
                0x0000000087817e28                realloc
 .text.memalign
                0x0000000087818308      0x140 common/built-in.o
                0x0000000087818308                memalign
 .text.initf_malloc
                0x0000000087818448       0x18 common/built-in.o
                0x0000000087818448                initf_malloc
 .text.malloc_simple
                0x0000000087818460       0x30 common/built-in.o
                0x0000000087818460                malloc_simple
 .text.on_loadaddr
                0x0000000087818490       0x38 common/built-in.o
 .text.image_check_hcrc
                0x00000000878184c8       0x4c common/built-in.o
                0x00000000878184c8                image_check_hcrc
 .text.image_check_dcrc
                0x0000000087818514       0x38 common/built-in.o
                0x0000000087818514                image_check_dcrc
 .text.image_multi_count
                0x000000008781854c       0x1c common/built-in.o
                0x000000008781854c                image_multi_count
 .text.image_multi_getimg
                0x0000000087818568       0x80 common/built-in.o
                0x0000000087818568                image_multi_getimg
 .text.getenv_bootm_low
                0x00000000878185e8       0x30 common/built-in.o
                0x00000000878185e8                getenv_bootm_low
 .text.getenv_bootm_size
                0x0000000087818618       0x68 common/built-in.o
                0x0000000087818618                getenv_bootm_size
 .text.getenv_bootm_mapsize
                0x0000000087818680       0x30 common/built-in.o
                0x0000000087818680                getenv_bootm_mapsize
 .text.memmove_wd
                0x00000000878186b0        0xc common/built-in.o
                0x00000000878186b0                memmove_wd
 .text.genimg_print_size
                0x00000000878186bc       0x30 common/built-in.o
                0x00000000878186bc                genimg_print_size
 .text.get_table_entry
                0x00000000878186ec       0x24 common/built-in.o
                0x00000000878186ec                get_table_entry
 .text.get_table_entry_name
                0x0000000087818710       0x20 common/built-in.o
                0x0000000087818710                get_table_entry_name
 .text.genimg_get_os_name
                0x0000000087818730       0x18 common/built-in.o
                0x0000000087818730                genimg_get_os_name
 .text.genimg_get_arch_name
                0x0000000087818748       0x18 common/built-in.o
                0x0000000087818748                genimg_get_arch_name
 .text.genimg_get_type_name
                0x0000000087818760       0x18 common/built-in.o
                0x0000000087818760                genimg_get_type_name
 .text.genimg_get_comp_name
                0x0000000087818778       0x18 common/built-in.o
                0x0000000087818778                genimg_get_comp_name
 .text.image_print_contents
                0x0000000087818790      0x178 common/built-in.o
                0x0000000087818790                image_print_contents
 .text.genimg_get_kernel_addr_fit
                0x0000000087818908       0x24 common/built-in.o
                0x0000000087818908                genimg_get_kernel_addr_fit
 .text.genimg_get_format
                0x000000008781892c       0x34 common/built-in.o
                0x000000008781892c                genimg_get_format
 .text.genimg_get_image
                0x0000000087818960        0x4 common/built-in.o
                0x0000000087818960                genimg_get_image
 .text.genimg_has_config
                0x0000000087818964        0x8 common/built-in.o
                0x0000000087818964                genimg_has_config
 .text.boot_get_ramdisk
                0x000000008781896c      0x274 common/built-in.o
                0x000000008781896c                boot_get_ramdisk
 .text.boot_ramdisk_high
                0x0000000087818be0      0x138 common/built-in.o
                0x0000000087818be0                boot_ramdisk_high
 .text.boot_get_setup
                0x0000000087818d18        0x8 common/built-in.o
                0x0000000087818d18                boot_get_setup
 .text.image_setup_linux
                0x0000000087818d20       0x8c common/built-in.o
                0x0000000087818d20                image_setup_linux
 .text.fdt_error
                0x0000000087818dac       0x2c common/built-in.o
 .text.boot_fdt_add_mem_rsv_regions
                0x0000000087818dd8       0x88 common/built-in.o
                0x0000000087818dd8                boot_fdt_add_mem_rsv_regions
 .text.boot_relocate_fdt
                0x0000000087818e60      0x198 common/built-in.o
                0x0000000087818e60                boot_relocate_fdt
 .text.boot_get_fdt
                0x0000000087818ff8      0x2ac common/built-in.o
                0x0000000087818ff8                boot_get_fdt
 .text.ft_verify_fdt
                0x00000000878192a4        0x8 common/built-in.o
                0x00000000878192a4                ft_verify_fdt
 .text.image_setup_libfdt
                0x00000000878192ac      0x100 common/built-in.o
                0x00000000878192ac                image_setup_libfdt
 .text.get_effective_memsize
                0x00000000878193ac        0x8 common/built-in.o
                0x00000000878193ac                get_effective_memsize
 .text.nulldev_putc
                0x00000000878193b4        0x4 common/built-in.o
 .text.nulldev_puts
                0x00000000878193b8        0x4 common/built-in.o
 .text.nulldev_input
                0x00000000878193bc        0x8 common/built-in.o
 .text.stdio_serial_tstc
                0x00000000878193c4        0x4 common/built-in.o
 .text.stdio_serial_getc
                0x00000000878193c8        0x4 common/built-in.o
 .text.stdio_serial_puts
                0x00000000878193cc        0x8 common/built-in.o
 .text.stdio_serial_putc
                0x00000000878193d4        0x8 common/built-in.o
 .text.stdio_get_list
                0x00000000878193dc        0xc common/built-in.o
                0x00000000878193dc                stdio_get_list
 .text.stdio_get_by_name
                0x00000000878193e8       0x5c common/built-in.o
                0x00000000878193e8                stdio_get_by_name
 .text.stdio_clone
                0x0000000087819444       0x38 common/built-in.o
                0x0000000087819444                stdio_clone
 .text.stdio_register_dev
                0x000000008781947c       0x50 common/built-in.o
                0x000000008781947c                stdio_register_dev
 .text.stdio_register
                0x00000000878194cc        0x8 common/built-in.o
                0x00000000878194cc                stdio_register
 .text.stdio_init_tables
                0x00000000878194d4       0x1c common/built-in.o
                0x00000000878194d4                stdio_init_tables
 .text.stdio_add_devices
                0x00000000878194f0       0xd4 common/built-in.o
                0x00000000878194f0                stdio_add_devices
 .text.run_command
                0x00000000878195c4       0x10 common/built-in.o
                0x00000000878195c4                run_command
 .text.run_command_list
                0x00000000878195d4       0x7c common/built-in.o
                0x00000000878195d4                run_command_list
 .text.do_run   0x0000000087819650       0x78 common/built-in.o
                0x0000000087819650                do_run
 .text.cli_loop
                0x00000000878196c8        0xc common/built-in.o
                0x00000000878196c8                cli_loop
 .text.cli_init
                0x00000000878196d4        0x4 common/built-in.o
                0x00000000878196d4                cli_init
 .text.delete_char.part.0
                0x00000000878196d8       0xd0 common/built-in.o
 .text.cread_add_char
                0x00000000878197a8       0xe8 common/built-in.o
 .text.cli_readline_into_buffer
                0x0000000087819890      0x9c0 common/built-in.o
                0x0000000087819890                cli_readline_into_buffer
 .text.cli_readline
                0x000000008781a250       0x14 common/built-in.o
                0x000000008781a250                cli_readline
 .text.find_cmd_tbl
                0x000000008781a264       0xa4 common/built-in.o
                0x000000008781a264                find_cmd_tbl
 .text.find_cmd
                0x000000008781a308       0x28 common/built-in.o
                0x000000008781a308                find_cmd
 .text.cmd_usage
                0x000000008781a330       0x5c common/built-in.o
                0x000000008781a330                cmd_usage
 .text._do_help
                0x000000008781a38c      0x178 common/built-in.o
                0x000000008781a38c                _do_help
 .text.var_complete
                0x000000008781a504       0x84 common/built-in.o
                0x000000008781a504                var_complete
 .text.cmd_auto_complete
                0x000000008781a588      0x4b4 common/built-in.o
                0x000000008781a588                cmd_auto_complete
 .text.cmd_get_data_size
                0x000000008781aa3c       0x5c common/built-in.o
                0x000000008781aa3c                cmd_get_data_size
 .text.cmd_process
                0x000000008781aa98       0xec common/built-in.o
                0x000000008781aa98                cmd_process
 .text.cmd_process_error
                0x000000008781ab84       0x30 common/built-in.o
                0x000000008781ab84                cmd_process_error
 .text.hex1_bin
                0x000000008781abb4       0x40 common/built-in.o
 .text.hex2_bin
                0x000000008781abf4       0x38 common/built-in.o
 .text.srec_decode
                0x000000008781ac2c      0x254 common/built-in.o
                0x000000008781ac2c                srec_decode
 .text.CYGACC_COMM_IF_GETC_TIMEOUT.isra.0
                0x000000008781ae80       0x5c common/built-in.o
 .text.xyzModem_flush
                0x000000008781aedc       0x1c common/built-in.o
 .text.xyzModem_get_hdr
                0x000000008781aef8      0x230 common/built-in.o
 .text.xyzModem_stream_open
                0x000000008781b128      0x224 common/built-in.o
                0x000000008781b128                xyzModem_stream_open
 .text.xyzModem_stream_read
                0x000000008781b34c      0x254 common/built-in.o
                0x000000008781b34c                xyzModem_stream_read
 .text.xyzModem_stream_close
                0x000000008781b5a0       0x54 common/built-in.o
                0x000000008781b5a0                xyzModem_stream_close
 .text.xyzModem_stream_terminate
                0x000000008781b5f4       0x94 common/built-in.o
                0x000000008781b5f4                xyzModem_stream_terminate
 .text.xyzModem_error
                0x000000008781b688       0x20 common/built-in.o
                0x000000008781b688                xyzModem_error
 .text.get_dev_hwpart
                0x000000008781b6a8       0xa8 disk/built-in.o
 .text.dev_print
                0x000000008781b750      0x20c disk/built-in.o
                0x000000008781b750                dev_print
 .text.init_part
                0x000000008781b95c       0x20 disk/built-in.o
                0x000000008781b95c                init_part
 .text.print_part
                0x000000008781b97c       0xf4 disk/built-in.o
                0x000000008781b97c                print_part
 .text.get_partition_info
                0x000000008781ba70       0x2c disk/built-in.o
                0x000000008781ba70                get_partition_info
 .text.get_device
                0x000000008781ba9c      0x128 disk/built-in.o
                0x000000008781ba9c                get_device
 .text.get_device_and_partition
                0x000000008781bbc4      0x3f8 disk/built-in.o
                0x000000008781bbc4                get_device_and_partition
 .text.test_block_type
                0x000000008781bfbc       0x84 disk/built-in.o
 .text.print_partition_extended
                0x000000008781c040      0x274 disk/built-in.o
 .text.get_partition_info_extended.constprop.1
                0x000000008781c2b4      0x2fc disk/built-in.o
 .text.test_part_dos
                0x000000008781c5b0       0x60 disk/built-in.o
                0x000000008781c5b0                test_part_dos
 .text.print_part_dos
                0x000000008781c610       0x34 disk/built-in.o
                0x000000008781c610                print_part_dos
 .text.get_partition_info_dos
                0x000000008781c644       0x20 disk/built-in.o
                0x000000008781c644                get_partition_info_dos
 .text.alloc_priv
                0x000000008781c664       0x48 drivers/built-in.o
 .text.device_bind
                0x000000008781c6ac      0x304 drivers/built-in.o
                0x000000008781c6ac                device_bind
 .text.device_bind_by_name
                0x000000008781c9b0       0x60 drivers/built-in.o
                0x000000008781c9b0                device_bind_by_name
 .text.device_probe
                0x000000008781ca10      0x234 drivers/built-in.o
                0x000000008781ca10                device_probe
 .text.dev_get_platdata
                0x000000008781cc44       0x34 drivers/built-in.o
                0x000000008781cc44                dev_get_platdata
 .text.dev_get_priv
                0x000000008781cc78       0x34 drivers/built-in.o
                0x000000008781cc78                dev_get_priv
 .text.lists_driver_lookup_name
                0x000000008781ccac       0x4c drivers/built-in.o
                0x000000008781ccac                lists_driver_lookup_name
 .text.lists_uclass_lookup
                0x000000008781ccf8       0x3c drivers/built-in.o
                0x000000008781ccf8                lists_uclass_lookup
 .text.lists_bind_drivers
                0x000000008781cd34       0x88 drivers/built-in.o
                0x000000008781cd34                lists_bind_drivers
 .text.dm_root  0x000000008781cdbc       0x2c drivers/built-in.o
                0x000000008781cdbc                dm_root
 .text.dm_init  0x000000008781cde8       0x58 drivers/built-in.o
                0x000000008781cde8                dm_init
 .text.dm_scan_platdata
                0x000000008781ce40       0x2c drivers/built-in.o
                0x000000008781ce40                dm_scan_platdata
 .text.dm_scan_other
                0x000000008781ce6c        0x8 drivers/built-in.o
                0x000000008781ce6c                dm_scan_other
 .text.dm_init_and_scan
                0x000000008781ce74       0x30 drivers/built-in.o
                0x000000008781ce74                dm_init_and_scan
 .text.uclass_find
                0x000000008781cea4       0x4c drivers/built-in.o
                0x000000008781cea4                uclass_find
 .text.uclass_get
                0x000000008781cef0      0x124 drivers/built-in.o
                0x000000008781cef0                uclass_get
 .text.uclass_find_device
                0x000000008781d014       0x74 drivers/built-in.o
                0x000000008781d014                uclass_find_device
 .text.uclass_find_device_by_seq
                0x000000008781d088       0x7c drivers/built-in.o
                0x000000008781d088                uclass_find_device_by_seq
 .text.uclass_get_device_tail
                0x000000008781d104       0x2c drivers/built-in.o
                0x000000008781d104                uclass_get_device_tail
 .text.uclass_get_device
                0x000000008781d130       0x30 drivers/built-in.o
                0x000000008781d130                uclass_get_device
 .text.uclass_bind_device
                0x000000008781d160       0x7c drivers/built-in.o
                0x000000008781d160                uclass_bind_device
 .text.uclass_unbind_device
                0x000000008781d1dc       0x4c drivers/built-in.o
                0x000000008781d1dc                uclass_unbind_device
 .text.uclass_resolve_seq
                0x000000008781d228       0xb0 drivers/built-in.o
                0x000000008781d228                uclass_resolve_seq
 .text.uclass_pre_probe_device
                0x000000008781d2d8       0x64 drivers/built-in.o
                0x000000008781d2d8                uclass_pre_probe_device
 .text.uclass_post_probe_device
                0x000000008781d33c       0x20 drivers/built-in.o
                0x000000008781d33c                uclass_post_probe_device
 .text.uclass_pre_remove_device
                0x000000008781d35c       0x20 drivers/built-in.o
                0x000000008781d35c                uclass_pre_remove_device
 .text.dm_warn  0x000000008781d37c       0x28 drivers/built-in.o
                0x000000008781d37c                dm_warn
 .text.device_free
                0x000000008781d3a4       0x90 drivers/built-in.o
                0x000000008781d3a4                device_free
 .text.device_remove
                0x000000008781d434      0x138 drivers/built-in.o
                0x000000008781d434                device_remove
 .text.show_devices
                0x000000008781d56c       0xfc drivers/built-in.o
 .text.dm_dump_all
                0x000000008781d668       0x3c drivers/built-in.o
                0x000000008781d668                dm_dump_all
 .text.dm_dump_uclass
                0x000000008781d6a4       0xdc drivers/built-in.o
                0x000000008781d6a4                dm_dump_uclass
 .text.finish_access
                0x000000008781d780       0x2c drivers/built-in.o
 .text.setup_direct_access
                0x000000008781d7ac      0x118 drivers/built-in.o
 .text.prepare_access
                0x000000008781d8c4       0xc4 drivers/built-in.o
 .text.fuse_bank_physical
                0x000000008781d988       0xb0 drivers/built-in.o
                0x000000008781d988                fuse_bank_physical
 .text.fuse_word_physical
                0x000000008781da38       0x28 drivers/built-in.o
                0x000000008781da38                fuse_word_physical
 .text.fuse_read
                0x000000008781da60       0x80 drivers/built-in.o
                0x000000008781da60                fuse_read
 .text.fuse_sense
                0x000000008781dae0       0x94 drivers/built-in.o
                0x000000008781dae0                fuse_sense
 .text.fuse_prog
                0x000000008781db74       0x88 drivers/built-in.o
                0x000000008781db74                fuse_prog
 .text.fuse_override
                0x000000008781dbfc       0x78 drivers/built-in.o
                0x000000008781dbfc                fuse_override
 .text.video_drawchars
                0x000000008781dc74      0x44c drivers/built-in.o
 .text.video_invertchar
                0x000000008781e0c0       0x74 drivers/built-in.o
 .text.draw_bitmap
                0x000000008781e134       0xdc drivers/built-in.o
 .text.video_putc.part.1
                0x000000008781e210       0x28 drivers/built-in.o
 .text.console_newline.constprop.3
                0x000000008781e238       0xe0 drivers/built-in.o
 .text.board_cfb_skip
                0x000000008781e318        0x8 drivers/built-in.o
                0x000000008781e318                board_cfb_skip
 .text.console_cursor
                0x000000008781e320       0xa8 drivers/built-in.o
                0x000000008781e320                console_cursor
 .text.video_putc
                0x000000008781e3c8      0x1a4 drivers/built-in.o
 .text.video_puts
                0x000000008781e56c       0x7c drivers/built-in.o
 .text.video_set_lut
                0x000000008781e5e8        0x4 drivers/built-in.o
                0x000000008781e5e8                video_set_lut
 .text.display_rle8_bitmap
                0x000000008781e5ec      0x374 drivers/built-in.o
 .text.plot_logo_or_black
                0x000000008781e960      0x280 drivers/built-in.o
 .text.do_clrlogo
                0x000000008781ebe0       0x44 drivers/built-in.o
 .text.video_display_bitmap
                0x000000008781ec24      0x934 drivers/built-in.o
                0x000000008781ec24                video_display_bitmap
 .text.video_clear
                0x000000008781f558       0x54 drivers/built-in.o
                0x000000008781f558                video_clear
 .text.drv_video_init
                0x000000008781f5ac      0x424 drivers/built-in.o
                0x000000008781f5ac                drv_video_init
 .text.mxsfb_system_setup
                0x000000008781f9d0        0x4 drivers/built-in.o
                0x000000008781f9d0                mxsfb_system_setup
 .text.mxs_lcd_panel_setup
                0x000000008781f9d4       0x78 drivers/built-in.o
                0x000000008781f9d4                mxs_lcd_panel_setup
 .text.lcdif_power_down
                0x000000008781fa4c       0x5c drivers/built-in.o
                0x000000008781fa4c                lcdif_power_down
 .text.video_hw_init
                0x000000008781faa8      0x34c drivers/built-in.o
                0x000000008781faa8                video_hw_init
 .text.video_get_param_len.constprop.1
                0x000000008781fdf4       0x20 drivers/built-in.o
 .text.video_get_params
                0x000000008781fe14      0x4d8 drivers/built-in.o
                0x000000008781fe14                video_get_params
 .text.reset_cpu
                0x00000000878202ec       0x48 drivers/built-in.o
                0x00000000878202ec                reset_cpu
 .text.thermal_get_temp
                0x0000000087820334       0x20 drivers/built-in.o
                0x0000000087820334                thermal_get_temp
 *fill*         0x0000000087820354        0x4 
 .text.read_cpu_temperature
                0x0000000087820358      0x14c drivers/built-in.o
 .text.imx_thermal_get_temp
                0x00000000878204a4       0x64 drivers/built-in.o
                0x00000000878204a4                imx_thermal_get_temp
 .text.imx_thermal_probe
                0x0000000087820508       0xc8 drivers/built-in.o
 .text.gpio_set_value
                0x00000000878205d0       0x44 drivers/gpio/built-in.o
                0x00000000878205d0                gpio_set_value
 .text.gpio_get_value
                0x0000000087820614       0x34 drivers/gpio/built-in.o
                0x0000000087820614                gpio_get_value
 .text.gpio_request
                0x0000000087820648       0x10 drivers/gpio/built-in.o
                0x0000000087820648                gpio_request
 .text.gpio_free
                0x0000000087820658        0x8 drivers/gpio/built-in.o
                0x0000000087820658                gpio_free
 .text.gpio_direction_input
                0x0000000087820660       0x3c drivers/gpio/built-in.o
                0x0000000087820660                gpio_direction_input
 .text.gpio_direction_output
                0x000000008782069c       0x50 drivers/gpio/built-in.o
                0x000000008782069c                gpio_direction_output
 .text.i2c_get_adapter
                0x00000000878206ec       0x64 drivers/i2c/built-in.o
                0x00000000878206ec                i2c_get_adapter
 .text.i2c_init_bus
                0x0000000087820750       0x90 drivers/i2c/built-in.o
 .text.i2c_get_bus_num
                0x00000000878207e0        0x8 drivers/i2c/built-in.o
                0x00000000878207e0                i2c_get_bus_num
 .text.i2c_set_bus_num
                0x00000000878207e8       0xb8 drivers/i2c/built-in.o
                0x00000000878207e8                i2c_set_bus_num
 .text.i2c_init_all
                0x00000000878208a0       0x14 drivers/i2c/built-in.o
                0x00000000878208a0                i2c_init_all
 .text.i2c_probe
                0x00000000878208b4       0x2c drivers/i2c/built-in.o
                0x00000000878208b4                i2c_probe
 .text.i2c_read
                0x00000000878208e0       0x4c drivers/i2c/built-in.o
                0x00000000878208e0                i2c_read
 .text.i2c_write
                0x000000008782092c       0x4c drivers/i2c/built-in.o
                0x000000008782092c                i2c_write
 .text.i2c_set_bus_speed
                0x0000000087820978       0x64 drivers/i2c/built-in.o
                0x0000000087820978                i2c_set_bus_speed
 .text.i2c_get_bus_speed
                0x00000000878209dc       0x14 drivers/i2c/built-in.o
                0x00000000878209dc                i2c_get_bus_speed
 .text.i2c_init
                0x00000000878209f0       0x14 drivers/i2c/built-in.o
                0x00000000878209f0                i2c_init
 .text.wait_for_sr_state
                0x0000000087820a04      0x100 drivers/i2c/built-in.o
 .text.tx_byte  0x0000000087820b04       0x50 drivers/i2c/built-in.o
 .text.bus_i2c_set_bus_speed
                0x0000000087820b54       0xb4 drivers/i2c/built-in.o
 .text.mxc_i2c_set_bus_speed
                0x0000000087820c08       0x18 drivers/i2c/built-in.o
 .text.i2c_imx_stop
                0x0000000087820c20       0x50 drivers/i2c/built-in.o
 .text.__i2c_force_reset_slave
                0x0000000087820c70        0x4 drivers/i2c/built-in.o
                0x0000000087820c70                __i2c_force_reset_slave
                0x0000000087820c70                i2c_force_reset_slave
 .text.i2c_idle_bus
                0x0000000087820c74       0x24 drivers/i2c/built-in.o
                0x0000000087820c74                i2c_idle_bus
 .text.i2c_init_transfer
                0x0000000087820c98      0x230 drivers/i2c/built-in.o
 .text.mxc_i2c_probe
                0x0000000087820ec8       0x40 drivers/i2c/built-in.o
 .text.mxc_i2c_read
                0x0000000087820f08      0x184 drivers/i2c/built-in.o
 .text.mxc_i2c_write
                0x000000008782108c       0x6c drivers/i2c/built-in.o
 .text.bus_i2c_init
                0x00000000878210f8       0x70 drivers/i2c/built-in.o
                0x00000000878210f8                bus_i2c_init
 .text.mxc_i2c_init
                0x0000000087821168       0x1c drivers/i2c/built-in.o
 .text.esdhc_getcd
                0x0000000087821184       0x40 drivers/mmc/built-in.o
 .text.esdhc_set_ios
                0x00000000878211c4      0x124 drivers/mmc/built-in.o
 .text.esdhc_init
                0x00000000878212e8       0xa8 drivers/mmc/built-in.o
 .text.check_and_invalidate_dcache_range.isra.0