image.c:426:12:on_loadaddr	8	static
image.c:178:5:image_check_hcrc	72	static
image.c:193:5:image_check_dcrc	8	static
image.c:215:7:image_multi_count	0	static
image.c:248:6:image_multi_getimg	16	static
image.c:442:7:getenv_bootm_low	8	static
image.c:459:13:getenv_bootm_size	16	static
image.c:486:13:getenv_bootm_mapsize	8	static
image.c:502:6:memmove_wd	0	static
image.c:532:6:genimg_print_size	8	static
image.c:560:22:get_table_entry	0	static
image.c:583:7:get_table_entry_name	8	static
image.c:595:13:genimg_get_os_name	0	static
image.c:600:13:genimg_get_arch_name	0	static
image.c:606:13:genimg_get_type_name	0	static
image.c:611:13:genimg_get_type_short_name	8	static
image.c:625:13:genimg_get_comp_name	0	static
image.c:308:6:image_print_contents	40	static
image.c:645:5:get_table_entry_id	16	static
image.c:663:5:genimg_get_os_id	0	static
image.c:668:5:genimg_get_arch_id	0	static
image.c:673:5:genimg_get_type_id	0	static
image.c:678:5:genimg_get_comp_id	0	static
image.c:699:7:genimg_get_kernel_addr_fit	0	static
image.c:733:7:genimg_get_kernel_addr	16	static
image.c:756:5:genimg_get_format	8	static
image.c:787:7:genimg_get_image	0	static
image.c:863:5:genimg_has_config	0	static
image.c:894:5:boot_get_ramdisk	40	static
image.c:1106:5:boot_ramdisk_high	32	static
image.c:1184:5:boot_get_setup	0	static
image.c:1340:5:image_setup_linux	32	static
