clock.c:384:12:get_ipg_clk	8	static
clock.c:563:12:enable_pll_video.constprop	16	static
clock.c:412:12:get_uart_clk	16	static
clock.c:292:12:mxc_get_pll_pfd	16	static
clock.c:1006:12:get_usdhc_clk	8	static
clock.c:28:6:enable_ocotp_clk	0	static
clock.c:95:6:enable_usboh3_clk	0	static
clock.c:109:6:enable_enet_clk	16	static
clock.c:132:6:enable_uart_clk	8	static
clock.c:149:5:enable_usdhc_clk	0	static
clock.c:168:5:enable_i2c_clk	16	static
clock.c:207:5:enable_spi_clk	0	static
clock.c:334:5:get_periph_clk	8	static
clock.c:449:12:get_axi_clk	8	static
clock.c:629:6:mxs_set_lcdclk	32	static
clock.c:757:5:enable_lcdif_clock	8	static
clock.c:805:5:enable_lvds_bridge	16	static
clock.c:867:6:enable_qspi_clk	0	static
clock.c:928:5:enable_fec_anatop_clock	16	static
clock.c:1049:5:imx_get_uartclk	0	static
clock.c:1249:6:enable_thermal_clk	0	static
clock.c:1254:14:mxc_get_clock	24	static
clock.c:1054:5:imx_get_fecclk	0	static
clock.c:1299:5:do_mx6_showclocks	16	static
clock.c:1354:6:enable_ipu_clock	8	static
